127.0.0.1 - - [09/Apr/2025:10:37:18 +0200] "POST /ayuntamiento_web/wp-admin/admin-ajax.php HTTP/1.1" 200 47 "http://localhost/ayuntamiento_web/wp-admin/edit.php?post_type=tribe_events" "Mozilla/5.0 (Windows NT 10.0; Win64; x64; rv:137.0) Gecko/20100101 Firefox/137.0"
127.0.0.1 - - [09/Apr/2025:10:37:28 +0200] "POST /ayuntamiento_web/wp-admin/admin-ajax.php HTTP/1.1" 200 47 "http://localhost/ayuntamiento_web/wp-admin/edit.php?post_type=tribe_events" "Mozilla/5.0 (Windows NT 10.0; Win64; x64; rv:137.0) Gecko/20100101 Firefox/137.0"
127.0.0.1 - - [09/Apr/2025:10:37:38 +0200] "POST /ayuntamiento_web/wp-admin/admin-ajax.php HTTP/1.1" 200 47 "http://localhost/ayuntamiento_web/wp-admin/edit.php?post_type=tribe_events" "Mozilla/5.0 (Windows NT 10.0; Win64; x64; rv:137.0) Gecko/20100101 Firefox/137.0"
127.0.0.1 - - [09/Apr/2025:10:37:48 +0200] "POST /ayuntamiento_web/wp-admin/admin-ajax.php HTTP/1.1" 200 47 "http://localhost/ayuntamiento_web/wp-admin/edit.php?post_type=tribe_events" "Mozilla/5.0 (Windows NT 10.0; Win64; x64; rv:137.0) Gecko/20100101 Firefox/137.0"
::1 - - [09/Apr/2025:10:37:59 +0200] "POST /ayuntamiento_web/wp-cron.php?doing_wp_cron=1744187879.7105879783630371093750 HTTP/1.1" 200 - "-" "WordPress/6.7.2; http://localhost/ayuntamiento_web"
127.0.0.1 - - [09/Apr/2025:10:37:58 +0200] "POST /ayuntamiento_web/wp-admin/admin-ajax.php HTTP/1.1" 200 47 "http://localhost/ayuntamiento_web/wp-admin/edit.php?post_type=tribe_events" "Mozilla/5.0 (Windows NT 10.0; Win64; x64; rv:137.0) Gecko/20100101 Firefox/137.0"
127.0.0.1 - - [09/Apr/2025:10:38:08 +0200] "POST /ayuntamiento_web/wp-admin/admin-ajax.php HTTP/1.1" 200 47 "http://localhost/ayuntamiento_web/wp-admin/edit.php?post_type=tribe_events" "Mozilla/5.0 (Windows NT 10.0; Win64; x64; rv:137.0) Gecko/20100101 Firefox/137.0"
127.0.0.1 - - [09/Apr/2025:10:38:18 +0200] "POST /ayuntamiento_web/wp-admin/admin-ajax.php HTTP/1.1" 200 47 "http://localhost/ayuntamiento_web/wp-admin/edit.php?post_type=tribe_events" "Mozilla/5.0 (Windows NT 10.0; Win64; x64; rv:137.0) Gecko/20100101 Firefox/137.0"
127.0.0.1 - - [09/Apr/2025:10:38:28 +0200] "POST /ayuntamiento_web/wp-admin/admin-ajax.php HTTP/1.1" 200 47 "http://localhost/ayuntamiento_web/wp-admin/edit.php?post_type=tribe_events" "Mozilla/5.0 (Windows NT 10.0; Win64; x64; rv:137.0) Gecko/20100101 Firefox/137.0"
127.0.0.1 - - [09/Apr/2025:10:38:38 +0200] "POST /ayuntamiento_web/wp-admin/admin-ajax.php HTTP/1.1" 200 47 "http://localhost/ayuntamiento_web/wp-admin/edit.php?post_type=tribe_events" "Mozilla/5.0 (Windows NT 10.0; Win64; x64; rv:137.0) Gecko/20100101 Firefox/137.0"
127.0.0.1 - - [09/Apr/2025:10:38:48 +0200] "POST /ayuntamiento_web/wp-admin/admin-ajax.php HTTP/1.1" 200 47 "http://localhost/ayuntamiento_web/wp-admin/edit.php?post_type=tribe_events" "Mozilla/5.0 (Windows NT 10.0; Win64; x64; rv:137.0) Gecko/20100101 Firefox/137.0"
::1 - - [09/Apr/2025:10:38:59 +0200] "POST /ayuntamiento_web/wp-cron.php?doing_wp_cron=1744187939.7372050285339355468750 HTTP/1.1" 200 - "-" "WordPress/6.7.2; http://localhost/ayuntamiento_web"
127.0.0.1 - - [09/Apr/2025:10:38:58 +0200] "POST /ayuntamiento_web/wp-admin/admin-ajax.php HTTP/1.1" 200 47 "http://localhost/ayuntamiento_web/wp-admin/edit.php?post_type=tribe_events" "Mozilla/5.0 (Windows NT 10.0; Win64; x64; rv:137.0) Gecko/20100101 Firefox/137.0"
127.0.0.1 - - [09/Apr/2025:10:39:08 +0200] "POST /ayuntamiento_web/wp-admin/admin-ajax.php HTTP/1.1" 200 47 "http://localhost/ayuntamiento_web/wp-admin/edit.php?post_type=tribe_events" "Mozilla/5.0 (Windows NT 10.0; Win64; x64; rv:137.0) Gecko/20100101 Firefox/137.0"
127.0.0.1 - - [09/Apr/2025:10:39:18 +0200] "POST /ayuntamiento_web/wp-admin/admin-ajax.php HTTP/1.1" 200 47 "http://localhost/ayuntamiento_web/wp-admin/edit.php?post_type=tribe_events" "Mozilla/5.0 (Windows NT 10.0; Win64; x64; rv:137.0) Gecko/20100101 Firefox/137.0"
127.0.0.1 - - [09/Apr/2025:10:39:28 +0200] "POST /ayuntamiento_web/wp-admin/admin-ajax.php HTTP/1.1" 200 47 "http://localhost/ayuntamiento_web/wp-admin/edit.php?post_type=tribe_events" "Mozilla/5.0 (Windows NT 10.0; Win64; x64; rv:137.0) Gecko/20100101 Firefox/137.0"
127.0.0.1 - - [09/Apr/2025:10:39:38 +0200] "POST /ayuntamiento_web/wp-admin/admin-ajax.php HTTP/1.1" 200 47 "http://localhost/ayuntamiento_web/wp-admin/edit.php?post_type=tribe_events" "Mozilla/5.0 (Windows NT 10.0; Win64; x64; rv:137.0) Gecko/20100101 Firefox/137.0"
127.0.0.1 - - [09/Apr/2025:10:39:48 +0200] "POST /ayuntamiento_web/wp-admin/admin-ajax.php HTTP/1.1" 200 47 "http://localhost/ayuntamiento_web/wp-admin/edit.php?post_type=tribe_events" "Mozilla/5.0 (Windows NT 10.0; Win64; x64; rv:137.0) Gecko/20100101 Firefox/137.0"
::1 - - [09/Apr/2025:10:39:59 +0200] "POST /ayuntamiento_web/wp-cron.php?doing_wp_cron=1744187999.7916569709777832031250 HTTP/1.1" 200 - "-" "WordPress/6.7.2; http://localhost/ayuntamiento_web"
127.0.0.1 - - [09/Apr/2025:10:39:59 +0200] "POST /ayuntamiento_web/wp-admin/admin-ajax.php HTTP/1.1" 200 47 "http://localhost/ayuntamiento_web/wp-admin/edit.php?post_type=tribe_events" "Mozilla/5.0 (Windows NT 10.0; Win64; x64; rv:137.0) Gecko/20100101 Firefox/137.0"
127.0.0.1 - - [09/Apr/2025:10:40:09 +0200] "POST /ayuntamiento_web/wp-admin/admin-ajax.php HTTP/1.1" 200 47 "http://localhost/ayuntamiento_web/wp-admin/edit.php?post_type=tribe_events" "Mozilla/5.0 (Windows NT 10.0; Win64; x64; rv:137.0) Gecko/20100101 Firefox/137.0"
127.0.0.1 - - [09/Apr/2025:10:40:19 +0200] "POST /ayuntamiento_web/wp-admin/admin-ajax.php HTTP/1.1" 200 47 "http://localhost/ayuntamiento_web/wp-admin/edit.php?post_type=tribe_events" "Mozilla/5.0 (Windows NT 10.0; Win64; x64; rv:137.0) Gecko/20100101 Firefox/137.0"
127.0.0.1 - - [09/Apr/2025:10:40:29 +0200] "POST /ayuntamiento_web/wp-admin/admin-ajax.php HTTP/1.1" 200 47 "http://localhost/ayuntamiento_web/wp-admin/edit.php?post_type=tribe_events" "Mozilla/5.0 (Windows NT 10.0; Win64; x64; rv:137.0) Gecko/20100101 Firefox/137.0"
127.0.0.1 - - [09/Apr/2025:10:40:39 +0200] "POST /ayuntamiento_web/wp-admin/admin-ajax.php HTTP/1.1" 200 47 "http://localhost/ayuntamiento_web/wp-admin/edit.php?post_type=tribe_events" "Mozilla/5.0 (Windows NT 10.0; Win64; x64; rv:137.0) Gecko/20100101 Firefox/137.0"
127.0.0.1 - - [09/Apr/2025:10:40:49 +0200] "POST /ayuntamiento_web/wp-admin/admin-ajax.php HTTP/1.1" 200 47 "http://localhost/ayuntamiento_web/wp-admin/edit.php?post_type=tribe_events" "Mozilla/5.0 (Windows NT 10.0; Win64; x64; rv:137.0) Gecko/20100101 Firefox/137.0"
::1 - - [09/Apr/2025:10:40:59 +0200] "POST /ayuntamiento_web/wp-cron.php?doing_wp_cron=1744188059.8377249240875244140625 HTTP/1.1" 200 - "-" "WordPress/6.7.2; http://localhost/ayuntamiento_web"
127.0.0.1 - - [09/Apr/2025:10:40:59 +0200] "POST /ayuntamiento_web/wp-admin/admin-ajax.php HTTP/1.1" 200 47 "http://localhost/ayuntamiento_web/wp-admin/edit.php?post_type=tribe_events" "Mozilla/5.0 (Windows NT 10.0; Win64; x64; rv:137.0) Gecko/20100101 Firefox/137.0"
127.0.0.1 - - [09/Apr/2025:10:41:09 +0200] "POST /ayuntamiento_web/wp-admin/admin-ajax.php HTTP/1.1" 200 47 "http://localhost/ayuntamiento_web/wp-admin/edit.php?post_type=tribe_events" "Mozilla/5.0 (Windows NT 10.0; Win64; x64; rv:137.0) Gecko/20100101 Firefox/137.0"
127.0.0.1 - - [09/Apr/2025:10:41:19 +0200] "POST /ayuntamiento_web/wp-admin/admin-ajax.php HTTP/1.1" 200 47 "http://localhost/ayuntamiento_web/wp-admin/edit.php?post_type=tribe_events" "Mozilla/5.0 (Windows NT 10.0; Win64; x64; rv:137.0) Gecko/20100101 Firefox/137.0"
127.0.0.1 - - [09/Apr/2025:10:41:29 +0200] "POST /ayuntamiento_web/wp-admin/admin-ajax.php HTTP/1.1" 200 47 "http://localhost/ayuntamiento_web/wp-admin/edit.php?post_type=tribe_events" "Mozilla/5.0 (Windows NT 10.0; Win64; x64; rv:137.0) Gecko/20100101 Firefox/137.0"
127.0.0.1 - - [09/Apr/2025:10:41:39 +0200] "POST /ayuntamiento_web/wp-admin/admin-ajax.php HTTP/1.1" 200 47 "http://localhost/ayuntamiento_web/wp-admin/edit.php?post_type=tribe_events" "Mozilla/5.0 (Windows NT 10.0; Win64; x64; rv:137.0) Gecko/20100101 Firefox/137.0"
127.0.0.1 - - [09/Apr/2025:10:41:49 +0200] "POST /ayuntamiento_web/wp-admin/admin-ajax.php HTTP/1.1" 200 47 "http://localhost/ayuntamiento_web/wp-admin/edit.php?post_type=tribe_events" "Mozilla/5.0 (Windows NT 10.0; Win64; x64; rv:137.0) Gecko/20100101 Firefox/137.0"
::1 - - [09/Apr/2025:10:42:00 +0200] "POST /ayuntamiento_web/wp-cron.php?doing_wp_cron=1744188120.1181690692901611328125 HTTP/1.1" 200 - "-" "WordPress/6.7.2; http://localhost/ayuntamiento_web"
127.0.0.1 - - [09/Apr/2025:10:41:59 +0200] "POST /ayuntamiento_web/wp-admin/admin-ajax.php HTTP/1.1" 200 47 "http://localhost/ayuntamiento_web/wp-admin/edit.php?post_type=tribe_events" "Mozilla/5.0 (Windows NT 10.0; Win64; x64; rv:137.0) Gecko/20100101 Firefox/137.0"
127.0.0.1 - - [09/Apr/2025:10:42:09 +0200] "POST /ayuntamiento_web/wp-admin/admin-ajax.php HTTP/1.1" 200 47 "http://localhost/ayuntamiento_web/wp-admin/edit.php?post_type=tribe_events" "Mozilla/5.0 (Windows NT 10.0; Win64; x64; rv:137.0) Gecko/20100101 Firefox/137.0"
127.0.0.1 - - [09/Apr/2025:10:42:19 +0200] "POST /ayuntamiento_web/wp-admin/admin-ajax.php HTTP/1.1" 200 47 "http://localhost/ayuntamiento_web/wp-admin/edit.php?post_type=tribe_events" "Mozilla/5.0 (Windows NT 10.0; Win64; x64; rv:137.0) Gecko/20100101 Firefox/137.0"
127.0.0.1 - - [09/Apr/2025:10:42:29 +0200] "POST /ayuntamiento_web/wp-admin/admin-ajax.php HTTP/1.1" 200 47 "http://localhost/ayuntamiento_web/wp-admin/edit.php?post_type=tribe_events" "Mozilla/5.0 (Windows NT 10.0; Win64; x64; rv:137.0) Gecko/20100101 Firefox/137.0"
127.0.0.1 - - [09/Apr/2025:10:42:39 +0200] "POST /ayuntamiento_web/wp-admin/admin-ajax.php HTTP/1.1" 200 47 "http://localhost/ayuntamiento_web/wp-admin/edit.php?post_type=tribe_events" "Mozilla/5.0 (Windows NT 10.0; Win64; x64; rv:137.0) Gecko/20100101 Firefox/137.0"
127.0.0.1 - - [09/Apr/2025:10:42:49 +0200] "POST /ayuntamiento_web/wp-admin/admin-ajax.php HTTP/1.1" 200 47 "http://localhost/ayuntamiento_web/wp-admin/edit.php?post_type=tribe_events" "Mozilla/5.0 (Windows NT 10.0; Win64; x64; rv:137.0) Gecko/20100101 Firefox/137.0"
::1 - - [09/Apr/2025:10:42:59 +0200] "POST /ayuntamiento_web/wp-cron.php?doing_wp_cron=1744188179.9577980041503906250000 HTTP/1.1" 200 - "-" "WordPress/6.7.2; http://localhost/ayuntamiento_web"
127.0.0.1 - - [09/Apr/2025:10:42:59 +0200] "POST /ayuntamiento_web/wp-admin/admin-ajax.php HTTP/1.1" 200 47 "http://localhost/ayuntamiento_web/wp-admin/edit.php?post_type=tribe_events" "Mozilla/5.0 (Windows NT 10.0; Win64; x64; rv:137.0) Gecko/20100101 Firefox/137.0"
127.0.0.1 - - [09/Apr/2025:10:43:09 +0200] "POST /ayuntamiento_web/wp-admin/admin-ajax.php HTTP/1.1" 200 47 "http://localhost/ayuntamiento_web/wp-admin/edit.php?post_type=tribe_events" "Mozilla/5.0 (Windows NT 10.0; Win64; x64; rv:137.0) Gecko/20100101 Firefox/137.0"
::1 - - [09/Apr/2025:10:45:11 +0200] "POST /ayuntamiento_web/wp-cron.php?doing_wp_cron=1744188311.2334809303283691406250 HTTP/1.1" 200 - "-" "WordPress/6.7.2; http://localhost/ayuntamiento_web"
127.0.0.1 - - [09/Apr/2025:10:45:10 +0200] "POST /ayuntamiento_web/wp-admin/admin-ajax.php HTTP/1.1" 200 47 "http://localhost/ayuntamiento_web/wp-admin/edit.php?post_type=tribe_events" "Mozilla/5.0 (Windows NT 10.0; Win64; x64; rv:137.0) Gecko/20100101 Firefox/137.0"
::1 - - [09/Apr/2025:10:47:11 +0200] "POST /ayuntamiento_web/wp-cron.php?doing_wp_cron=1744188431.3666710853576660156250 HTTP/1.1" 200 - "-" "WordPress/6.7.2; http://localhost/ayuntamiento_web"
127.0.0.1 - - [09/Apr/2025:10:47:10 +0200] "POST /ayuntamiento_web/wp-admin/admin-ajax.php HTTP/1.1" 200 47 "http://localhost/ayuntamiento_web/wp-admin/edit.php?post_type=tribe_events" "Mozilla/5.0 (Windows NT 10.0; Win64; x64; rv:137.0) Gecko/20100101 Firefox/137.0"
::1 - - [09/Apr/2025:10:49:11 +0200] "POST /ayuntamiento_web/wp-cron.php?doing_wp_cron=1744188551.7015049457550048828125 HTTP/1.1" 200 - "-" "WordPress/6.7.2; http://localhost/ayuntamiento_web"
127.0.0.1 - - [09/Apr/2025:10:49:10 +0200] "POST /ayuntamiento_web/wp-admin/admin-ajax.php HTTP/1.1" 200 47 "http://localhost/ayuntamiento_web/wp-admin/edit.php?post_type=tribe_events" "Mozilla/5.0 (Windows NT 10.0; Win64; x64; rv:137.0) Gecko/20100101 Firefox/137.0"
::1 - - [09/Apr/2025:10:51:12 +0200] "POST /ayuntamiento_web/wp-cron.php?doing_wp_cron=1744188672.0384330749511718750000 HTTP/1.1" 200 - "-" "WordPress/6.7.2; http://localhost/ayuntamiento_web"
127.0.0.1 - - [09/Apr/2025:10:51:11 +0200] "POST /ayuntamiento_web/wp-admin/admin-ajax.php HTTP/1.1" 200 47 "http://localhost/ayuntamiento_web/wp-admin/edit.php?post_type=tribe_events" "Mozilla/5.0 (Windows NT 10.0; Win64; x64; rv:137.0) Gecko/20100101 Firefox/137.0"
::1 - - [09/Apr/2025:10:53:12 +0200] "POST /ayuntamiento_web/wp-cron.php?doing_wp_cron=1744188792.3440499305725097656250 HTTP/1.1" 200 - "-" "WordPress/6.7.2; http://localhost/ayuntamiento_web"
127.0.0.1 - - [09/Apr/2025:10:53:11 +0200] "POST /ayuntamiento_web/wp-admin/admin-ajax.php HTTP/1.1" 200 47 "http://localhost/ayuntamiento_web/wp-admin/edit.php?post_type=tribe_events" "Mozilla/5.0 (Windows NT 10.0; Win64; x64; rv:137.0) Gecko/20100101 Firefox/137.0"
::1 - - [09/Apr/2025:11:07:09 +0200] "POST /ayuntamiento_web/wp-cron.php?doing_wp_cron=1744189629.8916409015655517578125 HTTP/1.1" 200 - "-" "WordPress/6.7.2; http://localhost/ayuntamiento_web"
127.0.0.1 - - [09/Apr/2025:11:07:08 +0200] "POST /ayuntamiento_web/wp-admin/admin-ajax.php HTTP/1.1" 200 47 "http://localhost/ayuntamiento_web/wp-admin/edit.php?post_type=tribe_events" "Mozilla/5.0 (Windows NT 10.0; Win64; x64; rv:137.0) Gecko/20100101 Firefox/137.0"
::1 - - [09/Apr/2025:12:20:41 +0200] "POST /ayuntamiento_web/wp-cron.php?doing_wp_cron=1744194041.2521240711212158203125 HTTP/1.1" 200 - "-" "WordPress/6.7.2; http://localhost/ayuntamiento_web"
127.0.0.1 - - [09/Apr/2025:12:20:43 +0200] "GET /ayuntamiento_web/wp-content/themes/ayto-theme/assets/img/logo.png HTTP/1.1" 200 70471 "http://localhost/ayuntamiento_web/" "Mozilla/5.0 (Windows NT 10.0; Win64; x64; rv:137.0) Gecko/20100101 Firefox/137.0"
127.0.0.1 - - [09/Apr/2025:12:20:43 +0200] "GET /ayuntamiento_web/wp-content/uploads/2025/04/evento1.jpg HTTP/1.1" 200 184673 "http://localhost/ayuntamiento_web/" "Mozilla/5.0 (Windows NT 10.0; Win64; x64; rv:137.0) Gecko/20100101 Firefox/137.0"
127.0.0.1 - - [09/Apr/2025:12:20:43 +0200] "GET /ayuntamiento_web/wp-content/themes/ayto-theme/assets/img/inicio/intro1.jpg HTTP/1.1" 200 136752 "http://localhost/ayuntamiento_web/wp-content/themes/ayto-theme/assets/css/inicio.css?ver=6.7.2" "Mozilla/5.0 (Windows NT 10.0; Win64; x64; rv:137.0) Gecko/20100101 Firefox/137.0"
127.0.0.1 - - [09/Apr/2025:12:20:43 +0200] "GET /ayuntamiento_web/wp-content/themes/ayto-theme/assets/img/inicio/intro2.JPG HTTP/1.1" 200 290410 "http://localhost/ayuntamiento_web/wp-content/themes/ayto-theme/assets/css/inicio.css?ver=6.7.2" "Mozilla/5.0 (Windows NT 10.0; Win64; x64; rv:137.0) Gecko/20100101 Firefox/137.0"
127.0.0.1 - - [09/Apr/2025:12:20:43 +0200] "GET /ayuntamiento_web/wp-content/themes/ayto-theme/assets/img/inicio/visitar3.jpeg HTTP/1.1" 200 189444 "http://localhost/ayuntamiento_web/wp-content/themes/ayto-theme/assets/css/inicio.css?ver=6.7.2" "Mozilla/5.0 (Windows NT 10.0; Win64; x64; rv:137.0) Gecko/20100101 Firefox/137.0"
127.0.0.1 - - [09/Apr/2025:12:20:43 +0200] "GET /ayuntamiento_web/wp-content/themes/ayto-theme/assets/img/inicio/hero.jpg HTTP/1.1" 200 1381244 "http://localhost/ayuntamiento_web/wp-content/themes/ayto-theme/assets/css/inicio.css?ver=6.7.2" "Mozilla/5.0 (Windows NT 10.0; Win64; x64; rv:137.0) Gecko/20100101 Firefox/137.0"
127.0.0.1 - - [09/Apr/2025:12:20:43 +0200] "GET /ayuntamiento_web/wp-content/themes/ayto-theme/assets/img/inicio/visitar2.jpg HTTP/1.1" 200 246568 "http://localhost/ayuntamiento_web/wp-content/themes/ayto-theme/assets/css/inicio.css?ver=6.7.2" "Mozilla/5.0 (Windows NT 10.0; Win64; x64; rv:137.0) Gecko/20100101 Firefox/137.0"
127.0.0.1 - - [09/Apr/2025:12:20:43 +0200] "GET /ayuntamiento_web/wp-content/themes/ayto-theme/assets/img/inicio/visitar1.jpeg HTTP/1.1" 200 812670 "http://localhost/ayuntamiento_web/wp-content/themes/ayto-theme/assets/css/inicio.css?ver=6.7.2" "Mozilla/5.0 (Windows NT 10.0; Win64; x64; rv:137.0) Gecko/20100101 Firefox/137.0"
127.0.0.1 - - [09/Apr/2025:12:20:09 +0200] "GET /ayuntamiento_web/ HTTP/1.1" 200 39202 "http://localhost/ayuntamiento_web/12-2/" "Mozilla/5.0 (Windows NT 10.0; Win64; x64; rv:137.0) Gecko/20100101 Firefox/137.0"
::1 - - [10/Apr/2025:09:06:42 +0200] "POST /ayuntamiento_web/wp-cron.php?doing_wp_cron=1744268802.5401859283447265625000 HTTP/1.1" 200 - "-" "WordPress/6.7.2; http://localhost/ayuntamiento_web"
127.0.0.1 - - [10/Apr/2025:09:06:44 +0200] "GET /ayuntamiento_web/wp-content/themes/ayto-theme/assets/img/logo.png HTTP/1.1" 200 70471 "http://localhost/ayuntamiento_web/" "Mozilla/5.0 (Windows NT 10.0; Win64; x64; rv:137.0) Gecko/20100101 Firefox/137.0"
127.0.0.1 - - [10/Apr/2025:09:06:44 +0200] "GET /ayuntamiento_web/wp-content/uploads/2025/04/evento1.jpg HTTP/1.1" 200 184673 "http://localhost/ayuntamiento_web/" "Mozilla/5.0 (Windows NT 10.0; Win64; x64; rv:137.0) Gecko/20100101 Firefox/137.0"
127.0.0.1 - - [10/Apr/2025:09:06:09 +0200] "GET /ayuntamiento_web/ HTTP/1.1" 200 39031 "http://localhost/ayuntamiento_web/12-2/" "Mozilla/5.0 (Windows NT 10.0; Win64; x64; rv:137.0) Gecko/20100101 Firefox/137.0"
127.0.0.1 - - [10/Apr/2025:09:06:44 +0200] "GET /ayuntamiento_web/wp-content/themes/ayto-theme/assets/img/inicio/intro1.jpg HTTP/1.1" 200 136752 "http://localhost/ayuntamiento_web/wp-content/themes/ayto-theme/assets/css/inicio.css?ver=6.7.2" "Mozilla/5.0 (Windows NT 10.0; Win64; x64; rv:137.0) Gecko/20100101 Firefox/137.0"
127.0.0.1 - - [10/Apr/2025:09:06:44 +0200] "GET /ayuntamiento_web/wp-content/themes/ayto-theme/assets/img/inicio/intro2.JPG HTTP/1.1" 200 290410 "http://localhost/ayuntamiento_web/wp-content/themes/ayto-theme/assets/css/inicio.css?ver=6.7.2" "Mozilla/5.0 (Windows NT 10.0; Win64; x64; rv:137.0) Gecko/20100101 Firefox/137.0"
127.0.0.1 - - [10/Apr/2025:09:06:44 +0200] "GET /ayuntamiento_web/wp-content/themes/ayto-theme/assets/img/inicio/hero.jpg HTTP/1.1" 200 1381244 "http://localhost/ayuntamiento_web/wp-content/themes/ayto-theme/assets/css/inicio.css?ver=6.7.2" "Mozilla/5.0 (Windows NT 10.0; Win64; x64; rv:137.0) Gecko/20100101 Firefox/137.0"
127.0.0.1 - - [10/Apr/2025:09:06:44 +0200] "GET /ayuntamiento_web/wp-content/themes/ayto-theme/assets/img/inicio/visitar3.jpeg HTTP/1.1" 200 189444 "http://localhost/ayuntamiento_web/wp-content/themes/ayto-theme/assets/css/inicio.css?ver=6.7.2" "Mozilla/5.0 (Windows NT 10.0; Win64; x64; rv:137.0) Gecko/20100101 Firefox/137.0"
127.0.0.1 - - [10/Apr/2025:09:06:44 +0200] "GET /ayuntamiento_web/wp-content/themes/ayto-theme/assets/img/inicio/visitar2.jpg HTTP/1.1" 200 246568 "http://localhost/ayuntamiento_web/wp-content/themes/ayto-theme/assets/css/inicio.css?ver=6.7.2" "Mozilla/5.0 (Windows NT 10.0; Win64; x64; rv:137.0) Gecko/20100101 Firefox/137.0"
127.0.0.1 - - [10/Apr/2025:09:06:44 +0200] "GET /ayuntamiento_web/wp-content/themes/ayto-theme/assets/img/inicio/visitar1.jpeg HTTP/1.1" 200 812670 "http://localhost/ayuntamiento_web/wp-content/themes/ayto-theme/assets/css/inicio.css?ver=6.7.2" "Mozilla/5.0 (Windows NT 10.0; Win64; x64; rv:137.0) Gecko/20100101 Firefox/137.0"
127.0.0.1 - - [10/Apr/2025:09:06:50 +0200] "GET /ayuntamiento_web/wp-content/plugins/the-events-calendar/common/src/resources/js/ian-client.min.js?ver=6.5.5 HTTP/1.1" 200 9269 "http://localhost/ayuntamiento_web/wp-admin/edit.php?post_type=tribe_events" "Mozilla/5.0 (Windows NT 10.0; Win64; x64; rv:137.0) Gecko/20100101 Firefox/137.0"
::1 - - [10/Apr/2025:09:06:42 +0200] "POST /ayuntamiento_web/wp-cron.php?doing_wp_cron=1744268802.5402140617370605468750 HTTP/1.1" 200 - "-" "WordPress/6.7.2; http://localhost/ayuntamiento_web"
127.0.0.1 - - [10/Apr/2025:09:06:50 +0200] "GET /ayuntamiento_web/wp-content/plugins/the-events-calendar/common/src/resources/images/logo/event-tickets.svg HTTP/1.1" 200 4059 "http://localhost/ayuntamiento_web/wp-admin/edit.php?post_type=tribe_events" "Mozilla/5.0 (Windows NT 10.0; Win64; x64; rv:137.0) Gecko/20100101 Firefox/137.0"
127.0.0.1 - - [10/Apr/2025:09:06:50 +0200] "GET /ayuntamiento_web/wp-content/plugins/the-events-calendar/common/src/resources/images/icons/close.svg HTTP/1.1" 200 223 "http://localhost/ayuntamiento_web/wp-admin/edit.php?post_type=tribe_events" "Mozilla/5.0 (Windows NT 10.0; Win64; x64; rv:137.0) Gecko/20100101 Firefox/137.0"
127.0.0.1 - - [10/Apr/2025:09:06:50 +0200] "GET /ayuntamiento_web/wp-content/plugins/the-events-calendar/common/src/resources/images/icons/bell.svg HTTP/1.1" 200 1106 "http://localhost/ayuntamiento_web/wp-admin/edit.php?post_type=tribe_events" "Mozilla/5.0 (Windows NT 10.0; Win64; x64; rv:137.0) Gecko/20100101 Firefox/137.0"
127.0.0.1 - - [10/Apr/2025:09:06:37 +0200] "GET /ayuntamiento_web/wp-admin/edit.php?post_type=tribe_events HTTP/1.1" 200 90697 "http://localhost/ayuntamiento_web/wp-admin/edit-tags.php?taxonomy=tribe_events_cat&post_type=tribe_events" "Mozilla/5.0 (Windows NT 10.0; Win64; x64; rv:137.0) Gecko/20100101 Firefox/137.0"
127.0.0.1 - - [10/Apr/2025:09:06:51 +0200] "GET /ayuntamiento_web/wp-content/plugins/the-events-calendar/common/src/resources/js/app-shop.min.js?ver=6.5.5 HTTP/1.1" 200 556 "http://localhost/ayuntamiento_web/wp-admin/edit.php?post_type=tribe_events" "Mozilla/5.0 (Windows NT 10.0; Win64; x64; rv:137.0) Gecko/20100101 Firefox/137.0"
127.0.0.1 - - [10/Apr/2025:09:06:51 +0200] "GET /ayuntamiento_web/wp-includes/js/dist/escape-html.min.js?ver=6561a406d2d232a6fbd2 HTTP/1.1" 200 1000 "http://localhost/ayuntamiento_web/wp-admin/edit.php?post_type=tribe_events" "Mozilla/5.0 (Windows NT 10.0; Win64; x64; rv:137.0) Gecko/20100101 Firefox/137.0"
127.0.0.1 - - [10/Apr/2025:09:06:51 +0200] "GET /ayuntamiento_web/wp-includes/js/dist/html-entities.min.js?ver=2cd3358363e0675638fb HTTP/1.1" 200 788 "http://localhost/ayuntamiento_web/wp-admin/edit.php?post_type=tribe_events" "Mozilla/5.0 (Windows NT 10.0; Win64; x64; rv:137.0) Gecko/20100101 Firefox/137.0"
127.0.0.1 - - [10/Apr/2025:09:06:52 +0200] "GET /favicon.ico HTTP/1.1" 200 30894 "http://localhost/ayuntamiento_web/wp-admin/edit.php?post_type=tribe_events" "Mozilla/5.0 (Windows NT 10.0; Win64; x64; rv:137.0) Gecko/20100101 Firefox/137.0"
127.0.0.1 - - [10/Apr/2025:09:06:51 +0200] "GET /ayuntamiento_web/ HTTP/1.1" 200 39031 "http://localhost/ayuntamiento_web/12-2/" "Mozilla/5.0 (Windows NT 10.0; Win64; x64; rv:137.0) Gecko/20100101 Firefox/137.0"
127.0.0.1 - - [10/Apr/2025:09:06:51 +0200] "POST /ayuntamiento_web/wp-admin/admin-ajax.php HTTP/1.1" 200 47 "http://localhost/ayuntamiento_web/wp-admin/edit.php?post_type=tribe_events" "Mozilla/5.0 (Windows NT 10.0; Win64; x64; rv:137.0) Gecko/20100101 Firefox/137.0"
127.0.0.1 - - [10/Apr/2025:09:06:52 +0200] "GET /ayuntamiento_web/wp-includes/css/admin-bar.min.css?ver=6.7.2 HTTP/1.1" 200 20182 "http://localhost/ayuntamiento_web/" "Mozilla/5.0 (Windows NT 10.0; Win64; x64; rv:137.0) Gecko/20100101 Firefox/137.0"
127.0.0.1 - - [10/Apr/2025:09:06:52 +0200] "GET /ayuntamiento_web/wp-includes/css/dist/block-library/style.min.css?ver=6.7.2 HTTP/1.1" 200 114706 "http://localhost/ayuntamiento_web/" "Mozilla/5.0 (Windows NT 10.0; Win64; x64; rv:137.0) Gecko/20100101 Firefox/137.0"
127.0.0.1 - - [10/Apr/2025:09:06:52 +0200] "GET /ayuntamiento_web/wp-content/plugins/the-events-calendar/src/resources/css/admin-menu.min.css?ver=6.11.1 HTTP/1.1" 200 1833 "http://localhost/ayuntamiento_web/" "Mozilla/5.0 (Windows NT 10.0; Win64; x64; rv:137.0) Gecko/20100101 Firefox/137.0"
127.0.0.1 - - [10/Apr/2025:09:06:52 +0200] "GET /ayuntamiento_web/wp-content/themes/ayto-theme/assets/css/header.css?ver=6.7.2 HTTP/1.1" 200 10083 "http://localhost/ayuntamiento_web/" "Mozilla/5.0 (Windows NT 10.0; Win64; x64; rv:137.0) Gecko/20100101 Firefox/137.0"
127.0.0.1 - - [10/Apr/2025:09:06:52 +0200] "GET /ayuntamiento_web/wp-content/themes/ayto-theme/assets/css/footer.css?ver=6.7.2 HTTP/1.1" 200 4741 "http://localhost/ayuntamiento_web/" "Mozilla/5.0 (Windows NT 10.0; Win64; x64; rv:137.0) Gecko/20100101 Firefox/137.0"
127.0.0.1 - - [10/Apr/2025:09:06:52 +0200] "GET /ayuntamiento_web/wp-includes/css/dashicons.min.css?ver=6.7.2 HTTP/1.1" 200 59016 "http://localhost/ayuntamiento_web/" "Mozilla/5.0 (Windows NT 10.0; Win64; x64; rv:137.0) Gecko/20100101 Firefox/137.0"
127.0.0.1 - - [10/Apr/2025:09:06:52 +0200] "GET /ayuntamiento_web/wp-content/themes/ayto-theme/assets/css/inicio.css?ver=6.7.2 HTTP/1.1" 200 8135 "http://localhost/ayuntamiento_web/" "Mozilla/5.0 (Windows NT 10.0; Win64; x64; rv:137.0) Gecko/20100101 Firefox/137.0"
127.0.0.1 - - [10/Apr/2025:09:06:52 +0200] "GET /ayuntamiento_web/wp-content/uploads/2025/04/evento1.jpg HTTP/1.1" 200 184673 "http://localhost/ayuntamiento_web/" "Mozilla/5.0 (Windows NT 10.0; Win64; x64; rv:137.0) Gecko/20100101 Firefox/137.0"
127.0.0.1 - - [10/Apr/2025:09:06:52 +0200] "GET /ayuntamiento_web/wp-content/themes/ayto-theme/assets/img/logo.png HTTP/1.1" 200 70471 "http://localhost/ayuntamiento_web/" "Mozilla/5.0 (Windows NT 10.0; Win64; x64; rv:137.0) Gecko/20100101 Firefox/137.0"
127.0.0.1 - - [10/Apr/2025:09:06:52 +0200] "GET /ayuntamiento_web/wp-content/themes/ayto-theme/assets/js/menu.js?ver=1.0 HTTP/1.1" 200 346 "http://localhost/ayuntamiento_web/" "Mozilla/5.0 (Windows NT 10.0; Win64; x64; rv:137.0) Gecko/20100101 Firefox/137.0"
127.0.0.1 - - [10/Apr/2025:09:06:52 +0200] "GET /ayuntamiento_web/wp-includes/js/hoverintent-js.min.js?ver=2.2.1 HTTP/1.1" 200 1718 "http://localhost/ayuntamiento_web/" "Mozilla/5.0 (Windows NT 10.0; Win64; x64; rv:137.0) Gecko/20100101 Firefox/137.0"
127.0.0.1 - - [10/Apr/2025:09:06:52 +0200] "GET /ayuntamiento_web/wp-includes/js/admin-bar.min.js?ver=6.7.2 HTTP/1.1" 200 3487 "http://localhost/ayuntamiento_web/" "Mozilla/5.0 (Windows NT 10.0; Win64; x64; rv:137.0) Gecko/20100101 Firefox/137.0"
127.0.0.1 - - [10/Apr/2025:09:06:53 +0200] "GET /ayuntamiento_web/wp-content/themes/ayto-theme/assets/img/inicio/intro1.jpg HTTP/1.1" 200 136752 "http://localhost/ayuntamiento_web/wp-content/themes/ayto-theme/assets/css/inicio.css?ver=6.7.2" "Mozilla/5.0 (Windows NT 10.0; Win64; x64; rv:137.0) Gecko/20100101 Firefox/137.0"
127.0.0.1 - - [10/Apr/2025:09:06:53 +0200] "GET /ayuntamiento_web/wp-content/themes/ayto-theme/assets/img/inicio/intro2.JPG HTTP/1.1" 200 290410 "http://localhost/ayuntamiento_web/wp-content/themes/ayto-theme/assets/css/inicio.css?ver=6.7.2" "Mozilla/5.0 (Windows NT 10.0; Win64; x64; rv:137.0) Gecko/20100101 Firefox/137.0"
127.0.0.1 - - [10/Apr/2025:09:06:53 +0200] "GET /ayuntamiento_web/wp-content/themes/ayto-theme/assets/img/inicio/visitar2.jpg HTTP/1.1" 200 246568 "http://localhost/ayuntamiento_web/wp-content/themes/ayto-theme/assets/css/inicio.css?ver=6.7.2" "Mozilla/5.0 (Windows NT 10.0; Win64; x64; rv:137.0) Gecko/20100101 Firefox/137.0"
127.0.0.1 - - [10/Apr/2025:09:06:53 +0200] "GET /ayuntamiento_web/wp-content/themes/ayto-theme/assets/img/inicio/visitar1.jpeg HTTP/1.1" 200 812670 "http://localhost/ayuntamiento_web/wp-content/themes/ayto-theme/assets/css/inicio.css?ver=6.7.2" "Mozilla/5.0 (Windows NT 10.0; Win64; x64; rv:137.0) Gecko/20100101 Firefox/137.0"
127.0.0.1 - - [10/Apr/2025:09:06:53 +0200] "GET /ayuntamiento_web/wp-content/themes/ayto-theme/assets/img/inicio/hero.jpg HTTP/1.1" 200 1381244 "http://localhost/ayuntamiento_web/wp-content/themes/ayto-theme/assets/css/inicio.css?ver=6.7.2" "Mozilla/5.0 (Windows NT 10.0; Win64; x64; rv:137.0) Gecko/20100101 Firefox/137.0"
127.0.0.1 - - [10/Apr/2025:09:06:53 +0200] "GET /ayuntamiento_web/wp-content/themes/ayto-theme/assets/img/inicio/visitar3.jpeg HTTP/1.1" 200 189444 "http://localhost/ayuntamiento_web/wp-content/themes/ayto-theme/assets/css/inicio.css?ver=6.7.2" "Mozilla/5.0 (Windows NT 10.0; Win64; x64; rv:137.0) Gecko/20100101 Firefox/137.0"
127.0.0.1 - - [10/Apr/2025:09:06:53 +0200] "GET /ayuntamiento_web/wp-content/themes/ayto-theme/assets/fonts/NouvelRRegular.ttf HTTP/1.1" 200 141297 "http://localhost/ayuntamiento_web/wp-content/themes/ayto-theme/assets/css/header.css?ver=6.7.2" "Mozilla/5.0 (Windows NT 10.0; Win64; x64; rv:137.0) Gecko/20100101 Firefox/137.0"
127.0.0.1 - - [10/Apr/2025:09:06:53 +0200] "GET /ayuntamiento_web/wp-content/themes/ayto-theme/assets/fonts/LEMONMILK-Light.otf HTTP/1.1" 200 33652 "http://localhost/ayuntamiento_web/wp-content/themes/ayto-theme/assets/css/header.css?ver=6.7.2" "Mozilla/5.0 (Windows NT 10.0; Win64; x64; rv:137.0) Gecko/20100101 Firefox/137.0"
127.0.0.1 - - [10/Apr/2025:09:06:53 +0200] "GET /ayuntamiento_web/wp-content/themes/ayto-theme/assets/fonts/LEMONMILK-Regular.otf HTTP/1.1" 200 34568 "http://localhost/ayuntamiento_web/wp-content/themes/ayto-theme/assets/css/header.css?ver=6.7.2" "Mozilla/5.0 (Windows NT 10.0; Win64; x64; rv:137.0) Gecko/20100101 Firefox/137.0"
127.0.0.1 - - [10/Apr/2025:09:06:53 +0200] "GET /ayuntamiento_web/wp-content/themes/ayto-theme/assets/fonts/NouvelRBold.ttf HTTP/1.1" 200 140305 "http://localhost/ayuntamiento_web/wp-content/themes/ayto-theme/assets/css/header.css?ver=6.7.2" "Mozilla/5.0 (Windows NT 10.0; Win64; x64; rv:137.0) Gecko/20100101 Firefox/137.0"
127.0.0.1 - - [10/Apr/2025:09:06:51 +0200] "POST /ayuntamiento_web/wp-admin/admin-ajax.php HTTP/1.1" 200 26 "http://localhost/ayuntamiento_web/wp-admin/edit.php?post_type=tribe_events" "Mozilla/5.0 (Windows NT 10.0; Win64; x64; rv:137.0) Gecko/20100101 Firefox/137.0"
127.0.0.1 - - [10/Apr/2025:09:06:55 +0200] "GET /ayuntamiento_web/wp-includes/js/thickbox/loadingAnimation.gif HTTP/1.1" 200 15238 "http://localhost/ayuntamiento_web/wp-admin/edit.php?post_type=tribe_events" "Mozilla/5.0 (Windows NT 10.0; Win64; x64; rv:137.0) Gecko/20100101 Firefox/137.0"
::1 - - [10/Apr/2025:09:08:54 +0200] "POST /ayuntamiento_web/wp-cron.php?doing_wp_cron=1744268934.8243360519409179687500 HTTP/1.1" 200 - "-" "WordPress/6.7.2; http://localhost/ayuntamiento_web"
127.0.0.1 - - [10/Apr/2025:09:08:53 +0200] "POST /ayuntamiento_web/wp-admin/admin-ajax.php HTTP/1.1" 200 47 "http://localhost/ayuntamiento_web/wp-admin/edit.php?post_type=tribe_events" "Mozilla/5.0 (Windows NT 10.0; Win64; x64; rv:137.0) Gecko/20100101 Firefox/137.0"
::1 - - [10/Apr/2025:09:10:55 +0200] "POST /ayuntamiento_web/wp-cron.php?doing_wp_cron=1744269055.3563179969787597656250 HTTP/1.1" 200 - "-" "WordPress/6.7.2; http://localhost/ayuntamiento_web"
127.0.0.1 - - [10/Apr/2025:09:10:54 +0200] "POST /ayuntamiento_web/wp-admin/admin-ajax.php HTTP/1.1" 200 47 "http://localhost/ayuntamiento_web/wp-admin/edit.php?post_type=tribe_events" "Mozilla/5.0 (Windows NT 10.0; Win64; x64; rv:137.0) Gecko/20100101 Firefox/137.0"
127.0.0.1 - - [10/Apr/2025:09:10:58 +0200] "GET /ayuntamiento_web/ HTTP/1.1" 200 27677 "-" "Mozilla/5.0 (Windows NT 10.0; Win64; x64; rv:137.0) Gecko/20100101 Firefox/137.0"
::1 - - [10/Apr/2025:09:10:59 +0200] "POST /ayuntamiento_web/wp-cron.php?doing_wp_cron=1744269059.7472000122070312500000 HTTP/1.1" 200 - "-" "WordPress/6.7.2; http://localhost/ayuntamiento_web"
127.0.0.1 - - [10/Apr/2025:09:12:54 +0200] "POST /ayuntamiento_web/wp-admin/admin-ajax.php HTTP/1.1" 200 47 "http://localhost/ayuntamiento_web/wp-admin/edit.php?post_type=tribe_events" "Mozilla/5.0 (Windows NT 10.0; Win64; x64; rv:137.0) Gecko/20100101 Firefox/137.0"
::1 - - [10/Apr/2025:09:12:55 +0200] "POST /ayuntamiento_web/wp-cron.php?doing_wp_cron=1744269175.7503039836883544921875 HTTP/1.1" 200 - "-" "WordPress/6.7.2; http://localhost/ayuntamiento_web"
::1 - - [10/Apr/2025:09:14:56 +0200] "POST /ayuntamiento_web/wp-cron.php?doing_wp_cron=1744269296.2985649108886718750000 HTTP/1.1" 200 - "-" "WordPress/6.7.2; http://localhost/ayuntamiento_web"
127.0.0.1 - - [10/Apr/2025:09:14:55 +0200] "POST /ayuntamiento_web/wp-admin/admin-ajax.php HTTP/1.1" 200 47 "http://localhost/ayuntamiento_web/wp-admin/edit.php?post_type=tribe_events" "Mozilla/5.0 (Windows NT 10.0; Win64; x64; rv:137.0) Gecko/20100101 Firefox/137.0"
::1 - - [10/Apr/2025:09:16:23 +0200] "POST /ayuntamiento_web/wp-cron.php?doing_wp_cron=1744269383.2545349597930908203125 HTTP/1.1" 200 - "-" "WordPress/6.7.2; http://localhost/ayuntamiento_web"
127.0.0.1 - - [10/Apr/2025:09:16:22 +0200] "GET /ayuntamiento_web/ HTTP/1.1" 200 39241 "http://localhost/ayuntamiento_web/12-2/" "Mozilla/5.0 (Windows NT 10.0; Win64; x64; rv:137.0) Gecko/20100101 Firefox/137.0"
127.0.0.1 - - [10/Apr/2025:09:16:55 +0200] "POST /ayuntamiento_web/wp-admin/admin-ajax.php HTTP/1.1" 200 47 "http://localhost/ayuntamiento_web/wp-admin/edit.php?post_type=tribe_events" "Mozilla/5.0 (Windows NT 10.0; Win64; x64; rv:137.0) Gecko/20100101 Firefox/137.0"
::1 - - [10/Apr/2025:09:17:32 +0200] "POST /ayuntamiento_web/wp-cron.php?doing_wp_cron=1744269452.3675789833068847656250 HTTP/1.1" 200 - "-" "WordPress/6.7.2; http://localhost/ayuntamiento_web"
127.0.0.1 - - [10/Apr/2025:09:17:31 +0200] "POST /ayuntamiento_web/wp-admin/admin-ajax.php HTTP/1.1" 200 47 "http://localhost/ayuntamiento_web/wp-admin/edit.php?post_type=tribe_events" "Mozilla/5.0 (Windows NT 10.0; Win64; x64; rv:137.0) Gecko/20100101 Firefox/137.0"
127.0.0.1 - - [10/Apr/2025:09:17:35 +0200] "GET /ayuntamiento_web/wp-content/plugins/the-events-calendar/common/src/resources/css/variables-full.min.css?ver=6.5.5 HTTP/1.1" 200 1745 "http://localhost/ayuntamiento_web/wp-admin/plugins.php" "Mozilla/5.0 (Windows NT 10.0; Win64; x64; rv:137.0) Gecko/20100101 Firefox/137.0"
127.0.0.1 - - [10/Apr/2025:09:17:35 +0200] "GET /ayuntamiento_web/wp-content/plugins/the-events-calendar/common/src/resources/css/variables-skeleton.min.css?ver=6.5.5 HTTP/1.1" 200 4744 "http://localhost/ayuntamiento_web/wp-admin/plugins.php" "Mozilla/5.0 (Windows NT 10.0; Win64; x64; rv:137.0) Gecko/20100101 Firefox/137.0"
127.0.0.1 - - [10/Apr/2025:09:17:35 +0200] "GET /ayuntamiento_web/wp-includes/js/thickbox/thickbox.css?ver=6.7.2 HTTP/1.1" 200 2659 "http://localhost/ayuntamiento_web/wp-admin/plugins.php" "Mozilla/5.0 (Windows NT 10.0; Win64; x64; rv:137.0) Gecko/20100101 Firefox/137.0"
127.0.0.1 - - [10/Apr/2025:09:17:35 +0200] "GET /ayuntamiento_web/wp-content/plugins/the-events-calendar/common/vendor/tribe-selectWoo/dist/css/selectWoo.min.css?ver=6.5.5 HTTP/1.1" 200 15196 "http://localhost/ayuntamiento_web/wp-admin/plugins.php" "Mozilla/5.0 (Windows NT 10.0; Win64; x64; rv:137.0) Gecko/20100101 Firefox/137.0"
127.0.0.1 - - [10/Apr/2025:09:17:35 +0200] "GET /ayuntamiento_web/wp-content/plugins/the-events-calendar/common/src/resources/css/dependency.min.css?ver=6.5.5 HTTP/1.1" 200 333 "http://localhost/ayuntamiento_web/wp-admin/plugins.php" "Mozilla/5.0 (Windows NT 10.0; Win64; x64; rv:137.0) Gecko/20100101 Firefox/137.0"
127.0.0.1 - - [10/Apr/2025:09:17:35 +0200] "GET /ayuntamiento_web/wp-content/plugins/the-events-calendar/common/src/resources/css/bumpdown.min.css?ver=6.5.5 HTTP/1.1" 200 1052 "http://localhost/ayuntamiento_web/wp-admin/plugins.php" "Mozilla/5.0 (Windows NT 10.0; Win64; x64; rv:137.0) Gecko/20100101 Firefox/137.0"
127.0.0.1 - - [10/Apr/2025:09:17:35 +0200] "GET /ayuntamiento_web/wp-content/plugins/the-events-calendar/common/src/resources/css/buttonset.min.css?ver=6.5.5 HTTP/1.1" 200 445 "http://localhost/ayuntamiento_web/wp-admin/plugins.php" "Mozilla/5.0 (Windows NT 10.0; Win64; x64; rv:137.0) Gecko/20100101 Firefox/137.0"
127.0.0.1 - - [10/Apr/2025:09:17:35 +0200] "GET /ayuntamiento_web/wp-content/plugins/the-events-calendar/common/src/resources/css/tribe-common-admin.min.css?ver=6.5.5 HTTP/1.1" 200 177138 "http://localhost/ayuntamiento_web/wp-admin/plugins.php" "Mozilla/5.0 (Windows NT 10.0; Win64; x64; rv:137.0) Gecko/20100101 Firefox/137.0"
127.0.0.1 - - [10/Apr/2025:09:17:35 +0200] "GET /ayuntamiento_web/wp-content/plugins/the-events-calendar/common/src/resources/css/validation.min.css?ver=6.5.5 HTTP/1.1" 200 1244 "http://localhost/ayuntamiento_web/wp-admin/plugins.php" "Mozilla/5.0 (Windows NT 10.0; Win64; x64; rv:137.0) Gecko/20100101 Firefox/137.0"
127.0.0.1 - - [10/Apr/2025:09:17:35 +0200] "GET /ayuntamiento_web/wp-content/plugins/the-events-calendar/common/src/resources/css/datepicker.min.css?ver=6.5.5 HTTP/1.1" 200 11248 "http://localhost/ayuntamiento_web/wp-admin/plugins.php" "Mozilla/5.0 (Windows NT 10.0; Win64; x64; rv:137.0) Gecko/20100101 Firefox/137.0"
127.0.0.1 - - [10/Apr/2025:09:17:35 +0200] "GET /ayuntamiento_web/wp-content/plugins/the-events-calendar/common/vendor/tooltipster/tooltipster.bundle.min.css?ver=6.5.5 HTTP/1.1" 200 6495 "http://localhost/ayuntamiento_web/wp-admin/plugins.php" "Mozilla/5.0 (Windows NT 10.0; Win64; x64; rv:137.0) Gecko/20100101 Firefox/137.0"
127.0.0.1 - - [10/Apr/2025:09:17:35 +0200] "GET /ayuntamiento_web/wp-content/plugins/the-events-calendar/common/src/resources/css/datatables.min.css?ver=6.5.5 HTTP/1.1" 200 10634 "http://localhost/ayuntamiento_web/wp-admin/plugins.php" "Mozilla/5.0 (Windows NT 10.0; Win64; x64; rv:137.0) Gecko/20100101 Firefox/137.0"
127.0.0.1 - - [10/Apr/2025:09:17:35 +0200] "GET /ayuntamiento_web/wp-content/plugins/the-events-calendar/src/resources/css/aggregator-page.min.css?ver=6.11.1 HTTP/1.1" 200 12860 "http://localhost/ayuntamiento_web/wp-admin/plugins.php" "Mozilla/5.0 (Windows NT 10.0; Win64; x64; rv:137.0) Gecko/20100101 Firefox/137.0"
127.0.0.1 - - [10/Apr/2025:09:17:35 +0200] "GET /ayuntamiento_web/wp-content/plugins/the-events-calendar/common/vendor/vendor-prefixed/stellarwp/telemetry/src/resources/css/styles.css?ver=1.0.0 HTTP/1.1" 200 3979 "http://localhost/ayuntamiento_web/wp-admin/plugins.php" "Mozilla/5.0 (Windows NT 10.0; Win64; x64; rv:137.0) Gecko/20100101 Firefox/137.0"
127.0.0.1 - - [10/Apr/2025:09:17:35 +0200] "GET /ayuntamiento_web/wp-content/plugins/the-events-calendar/common/src/resources/css/tribe-ui.min.css?ver=6.5.5 HTTP/1.1" 200 625 "http://localhost/ayuntamiento_web/wp-admin/plugins.php" "Mozilla/5.0 (Windows NT 10.0; Win64; x64; rv:137.0) Gecko/20100101 Firefox/137.0"
127.0.0.1 - - [10/Apr/2025:09:17:35 +0200] "GET /ayuntamiento_web/wp-admin/load-scripts.php?c=1&load%5Bchunk_0%5D=jquery-core,jquery-migrate,utils&ver=6.7.2 HTTP/1.1" 200 102997 "http://localhost/ayuntamiento_web/wp-admin/plugins.php" "Mozilla/5.0 (Windows NT 10.0; Win64; x64; rv:137.0) Gecko/20100101 Firefox/137.0"
127.0.0.1 - - [10/Apr/2025:09:17:35 +0200] "GET /ayuntamiento_web/wp-admin/load-styles.php?c=1&dir=ltr&load%5Bchunk_0%5D=dashicons,admin-bar,common,forms,admin-menu,dashboard,list-tables,edit,revisions,media,themes,about,nav-menus,wp-pointer,widgets&load%5Bchunk_1%5D=,site-icon,l10n,buttons,editor-buttons,wp-auth-check&ver=6.7.2 HTTP/1.1" 200 426880 "http://localhost/ayuntamiento_web/wp-admin/plugins.php" "Mozilla/5.0 (Windows NT 10.0; Win64; x64; rv:137.0) Gecko/20100101 Firefox/137.0"
127.0.0.1 - - [10/Apr/2025:09:17:36 +0200] "GET /ayuntamiento_web/wp-admin/images/spinner-2x.gif HTTP/1.1" 200 7536 "http://localhost/ayuntamiento_web/wp-admin/load-styles.php?c=1&dir=ltr&load%5Bchunk_0%5D=dashicons,admin-bar,common,forms,admin-menu,dashboard,list-tables,edit,revisions,media,themes,about,nav-menus,wp-pointer,widgets&load%5Bchunk_1%5D=,site-icon,l10n,buttons,editor-buttons,wp-auth-check&ver=6.7.2" "Mozilla/5.0 (Windows NT 10.0; Win64; x64; rv:137.0) Gecko/20100101 Firefox/137.0"
127.0.0.1 - - [10/Apr/2025:09:17:36 +0200] "GET /ayuntamiento_web/wp-content/plugins/the-events-calendar/common/src/resources/images/logo/tec-brand.svg HTTP/1.1" 200 8522 "http://localhost/ayuntamiento_web/wp-admin/plugins.php" "Mozilla/5.0 (Windows NT 10.0; Win64; x64; rv:137.0) Gecko/20100101 Firefox/137.0"
127.0.0.1 - - [10/Apr/2025:09:17:34 +0200] "GET /ayuntamiento_web/wp-admin/plugins.php HTTP/1.1" 200 100553 "http://localhost/ayuntamiento_web/wp-admin/edit.php?post_type=tribe_events" "Mozilla/5.0 (Windows NT 10.0; Win64; x64; rv:137.0) Gecko/20100101 Firefox/137.0"
127.0.0.1 - - [10/Apr/2025:09:17:36 +0200] "GET /ayuntamiento_web/wp-includes/js/dist/a11y.min.js?ver=3156534cc54473497e14 HTTP/1.1" 200 2358 "http://localhost/ayuntamiento_web/wp-admin/plugins.php" "Mozilla/5.0 (Windows NT 10.0; Win64; x64; rv:137.0) Gecko/20100101 Firefox/137.0"
127.0.0.1 - - [10/Apr/2025:09:17:36 +0200] "GET /ayuntamiento_web/wp-includes/js/dist/i18n.min.js?ver=5e580eb46a90c2b997e6 HTTP/1.1" 200 9141 "http://localhost/ayuntamiento_web/wp-admin/plugins.php" "Mozilla/5.0 (Windows NT 10.0; Win64; x64; rv:137.0) Gecko/20100101 Firefox/137.0"
127.0.0.1 - - [10/Apr/2025:09:17:36 +0200] "GET /ayuntamiento_web/wp-includes/js/wp-sanitize.min.js?ver=6.7.2 HTTP/1.1" 200 458 "http://localhost/ayuntamiento_web/wp-admin/plugins.php" "Mozilla/5.0 (Windows NT 10.0; Win64; x64; rv:137.0) Gecko/20100101 Firefox/137.0"
127.0.0.1 - - [10/Apr/2025:09:17:36 +0200] "GET /ayuntamiento_web/wp-admin/js/common.min.js?ver=6.7.2 HTTP/1.1" 200 23578 "http://localhost/ayuntamiento_web/wp-admin/plugins.php" "Mozilla/5.0 (Windows NT 10.0; Win64; x64; rv:137.0) Gecko/20100101 Firefox/137.0"
127.0.0.1 - - [10/Apr/2025:09:17:36 +0200] "GET /ayuntamiento_web/wp-includes/js/wp-util.min.js?ver=6.7.2 HTTP/1.1" 200 1426 "http://localhost/ayuntamiento_web/wp-admin/plugins.php" "Mozilla/5.0 (Windows NT 10.0; Win64; x64; rv:137.0) Gecko/20100101 Firefox/137.0"
127.0.0.1 - - [10/Apr/2025:09:17:36 +0200] "GET /ayuntamiento_web/wp-admin/js/updates.min.js?ver=6.7.2 HTTP/1.1" 200 48366 "http://localhost/ayuntamiento_web/wp-admin/plugins.php" "Mozilla/5.0 (Windows NT 10.0; Win64; x64; rv:137.0) Gecko/20100101 Firefox/137.0"
127.0.0.1 - - [10/Apr/2025:09:17:36 +0200] "GET /ayuntamiento_web/wp-admin/load-scripts.php?c=1&load%5Bchunk_0%5D=hoverIntent,wp-dom-ready,wp-hooks&ver=6.7.2 HTTP/1.1" 200 6735 "http://localhost/ayuntamiento_web/wp-admin/plugins.php" "Mozilla/5.0 (Windows NT 10.0; Win64; x64; rv:137.0) Gecko/20100101 Firefox/137.0"
127.0.0.1 - - [10/Apr/2025:09:17:36 +0200] "GET /ayuntamiento_web/wp-includes/js/underscore.min.js?ver=1.13.7 HTTP/1.1" 200 18878 "http://localhost/ayuntamiento_web/wp-admin/plugins.php" "Mozilla/5.0 (Windows NT 10.0; Win64; x64; rv:137.0) Gecko/20100101 Firefox/137.0"
127.0.0.1 - - [10/Apr/2025:09:17:36 +0200] "GET /ayuntamiento_web/wp-admin/js/plugin-install.min.js?ver=6.7.2 HTTP/1.1" 200 2403 "http://localhost/ayuntamiento_web/wp-admin/plugins.php" "Mozilla/5.0 (Windows NT 10.0; Win64; x64; rv:137.0) Gecko/20100101 Firefox/137.0"
127.0.0.1 - - [10/Apr/2025:09:17:36 +0200] "GET /ayuntamiento_web/wp-includes/js/thickbox/thickbox.js?ver=3.1-20121105 HTTP/1.1" 200 13332 "http://localhost/ayuntamiento_web/wp-admin/plugins.php" "Mozilla/5.0 (Windows NT 10.0; Win64; x64; rv:137.0) Gecko/20100101 Firefox/137.0"
127.0.0.1 - - [10/Apr/2025:09:17:36 +0200] "GET /ayuntamiento_web/wp-includes/js/jquery/ui/core.min.js?ver=1.13.3 HTTP/1.1" 200 21464 "http://localhost/ayuntamiento_web/wp-admin/plugins.php" "Mozilla/5.0 (Windows NT 10.0; Win64; x64; rv:137.0) Gecko/20100101 Firefox/137.0"
127.0.0.1 - - [10/Apr/2025:09:17:36 +0200] "GET /ayuntamiento_web/wp-content/plugins/the-events-calendar/common/src/resources/js/tribe-common.min.js?ver=6.5.5 HTTP/1.1" 200 1270 "http://localhost/ayuntamiento_web/wp-admin/plugins.php" "Mozilla/5.0 (Windows NT 10.0; Win64; x64; rv:137.0) Gecko/20100101 Firefox/137.0"
127.0.0.1 - - [10/Apr/2025:09:17:36 +0200] "GET /ayuntamiento_web/wp-content/plugins/the-events-calendar/common/src/resources/js/utils-camelcase.min.js?ver=6.5.5 HTTP/1.1" 200 1499 "http://localhost/ayuntamiento_web/wp-admin/plugins.php" "Mozilla/5.0 (Windows NT 10.0; Win64; x64; rv:137.0) Gecko/20100101 Firefox/137.0"
127.0.0.1 - - [10/Apr/2025:09:17:36 +0200] "GET /ayuntamiento_web/wp-content/plugins/the-events-calendar/common/src/resources/js/buttonset.min.js?ver=6.5.5 HTTP/1.1" 200 2038 "http://localhost/ayuntamiento_web/wp-admin/plugins.php" "Mozilla/5.0 (Windows NT 10.0; Win64; x64; rv:137.0) Gecko/20100101 Firefox/137.0"
127.0.0.1 - - [10/Apr/2025:09:17:36 +0200] "GET /ayuntamiento_web/wp-admin/js/svg-painter.js?ver=6.7.2 HTTP/1.1" 200 3280 "http://localhost/ayuntamiento_web/wp-admin/plugins.php" "Mozilla/5.0 (Windows NT 10.0; Win64; x64; rv:137.0) Gecko/20100101 Firefox/137.0"
127.0.0.1 - - [10/Apr/2025:09:17:36 +0200] "GET /ayuntamiento_web/wp-content/plugins/the-events-calendar/common/vendor/tooltipster/tooltipster.bundle.min.js?ver=6.5.5 HTTP/1.1" 200 39900 "http://localhost/ayuntamiento_web/wp-admin/plugins.php" "Mozilla/5.0 (Windows NT 10.0; Win64; x64; rv:137.0) Gecko/20100101 Firefox/137.0"
127.0.0.1 - - [10/Apr/2025:09:17:36 +0200] "GET /ayuntamiento_web/wp-content/plugins/the-events-calendar/common/src/resources/js/pue-notices.min.js?ver=6.5.5 HTTP/1.1" 200 763 "http://localhost/ayuntamiento_web/wp-admin/plugins.php" "Mozilla/5.0 (Windows NT 10.0; Win64; x64; rv:137.0) Gecko/20100101 Firefox/137.0"
127.0.0.1 - - [10/Apr/2025:09:17:36 +0200] "GET /ayuntamiento_web/wp-content/plugins/the-events-calendar/common/vendor/dayjs/dayjs.min.js?ver=6.5.5 HTTP/1.1" 200 7161 "http://localhost/ayuntamiento_web/wp-admin/plugins.php" "Mozilla/5.0 (Windows NT 10.0; Win64; x64; rv:137.0) Gecko/20100101 Firefox/137.0"
127.0.0.1 - - [10/Apr/2025:09:17:36 +0200] "GET /ayuntamiento_web/wp-content/plugins/the-events-calendar/common/vendor/dayjs/plugin/customParseFormat.min.js?ver=6.5.5 HTTP/1.1" 200 3747 "http://localhost/ayuntamiento_web/wp-admin/plugins.php" "Mozilla/5.0 (Windows NT 10.0; Win64; x64; rv:137.0) Gecko/20100101 Firefox/137.0"
127.0.0.1 - - [10/Apr/2025:09:17:36 +0200] "GET /ayuntamiento_web/wp-content/plugins/the-events-calendar/common/src/resources/js/dependency.min.js?ver=6.5.5 HTTP/1.1" 200 6537 "http://localhost/ayuntamiento_web/wp-admin/plugins.php" "Mozilla/5.0 (Windows NT 10.0; Win64; x64; rv:137.0) Gecko/20100101 Firefox/137.0"
127.0.0.1 - - [10/Apr/2025:09:17:36 +0200] "GET /ayuntamiento_web/wp-content/plugins/the-events-calendar/common/src/resources/js/validation.min.js?ver=6.5.5 HTTP/1.1" 200 9919 "http://localhost/ayuntamiento_web/wp-admin/plugins.php" "Mozilla/5.0 (Windows NT 10.0; Win64; x64; rv:137.0) Gecko/20100101 Firefox/137.0"
127.0.0.1 - - [10/Apr/2025:09:17:36 +0200] "GET /ayuntamiento_web/wp-content/plugins/the-events-calendar/common/src/resources/js/admin/settings-nav-modals.min.js?ver=6.5.5 HTTP/1.1" 200 1634 "http://localhost/ayuntamiento_web/wp-admin/plugins.php" "Mozilla/5.0 (Windows NT 10.0; Win64; x64; rv:137.0) Gecko/20100101 Firefox/137.0"
127.0.0.1 - - [10/Apr/2025:09:17:36 +0200] "GET /ayuntamiento_web/wp-content/plugins/the-events-calendar/common/src/resources/js/utils/tec-copy-to-clipboard.min.js?ver=6.5.5 HTTP/1.1" 200 1251 "http://localhost/ayuntamiento_web/wp-admin/plugins.php" "Mozilla/5.0 (Windows NT 10.0; Win64; x64; rv:137.0) Gecko/20100101 Firefox/137.0"
127.0.0.1 - - [10/Apr/2025:09:17:36 +0200] "GET /ayuntamiento_web/wp-content/plugins/the-events-calendar/common/src/resources/js/admin/url-fragment-scroll.min.js?ver=6.5.5 HTTP/1.1" 200 1168 "http://localhost/ayuntamiento_web/wp-admin/plugins.php" "Mozilla/5.0 (Windows NT 10.0; Win64; x64; rv:137.0) Gecko/20100101 Firefox/137.0"
127.0.0.1 - - [10/Apr/2025:09:17:36 +0200] "GET /ayuntamiento_web/wp-content/plugins/the-events-calendar/src/resources/js/aggregator-notice.min.js?ver=6.11.1 HTTP/1.1" 200 4011 "http://localhost/ayuntamiento_web/wp-admin/plugins.php" "Mozilla/5.0 (Windows NT 10.0; Win64; x64; rv:137.0) Gecko/20100101 Firefox/137.0"
127.0.0.1 - - [10/Apr/2025:09:17:36 +0200] "GET /ayuntamiento_web/wp-includes/js/heartbeat.min.js?ver=6.7.2 HTTP/1.1" 200 5947 "http://localhost/ayuntamiento_web/wp-admin/plugins.php" "Mozilla/5.0 (Windows NT 10.0; Win64; x64; rv:137.0) Gecko/20100101 Firefox/137.0"
127.0.0.1 - - [10/Apr/2025:09:17:36 +0200] "GET /ayuntamiento_web/wp-includes/js/dist/vendor/react-jsx-runtime.min.js?ver=18.3.1 HTTP/1.1" 200 900 "http://localhost/ayuntamiento_web/wp-admin/plugins.php" "Mozilla/5.0 (Windows NT 10.0; Win64; x64; rv:137.0) Gecko/20100101 Firefox/137.0"
127.0.0.1 - - [10/Apr/2025:09:17:36 +0200] "GET /ayuntamiento_web/wp-includes/js/wp-auth-check.min.js?ver=6.7.2 HTTP/1.1" 200 1658 "http://localhost/ayuntamiento_web/wp-admin/plugins.php" "Mozilla/5.0 (Windows NT 10.0; Win64; x64; rv:137.0) Gecko/20100101 Firefox/137.0"
127.0.0.1 - - [10/Apr/2025:09:17:36 +0200] "GET /ayuntamiento_web/wp-includes/js/dist/escape-html.min.js?ver=6561a406d2d232a6fbd2 HTTP/1.1" 200 1000 "http://localhost/ayuntamiento_web/wp-admin/plugins.php" "Mozilla/5.0 (Windows NT 10.0; Win64; x64; rv:137.0) Gecko/20100101 Firefox/137.0"
127.0.0.1 - - [10/Apr/2025:09:17:36 +0200] "GET /ayuntamiento_web/wp-content/plugins/the-events-calendar/common/src/resources/vendor/clipboard.min.js?ver=6.5.5 HTTP/1.1" 200 9160 "http://localhost/ayuntamiento_web/wp-admin/plugins.php" "Mozilla/5.0 (Windows NT 10.0; Win64; x64; rv:137.0) Gecko/20100101 Firefox/137.0"
127.0.0.1 - - [10/Apr/2025:09:17:36 +0200] "GET /ayuntamiento_web/wp-includes/js/dist/deprecated.min.js?ver=e1f84915c5e8ae38964c HTTP/1.1" 200 684 "http://localhost/ayuntamiento_web/wp-admin/plugins.php" "Mozilla/5.0 (Windows NT 10.0; Win64; x64; rv:137.0) Gecko/20100101 Firefox/137.0"
127.0.0.1 - - [10/Apr/2025:09:17:36 +0200] "GET /ayuntamiento_web/wp-includes/js/dist/vendor/react.min.js?ver=18.3.1.1 HTTP/1.1" 200 10628 "http://localhost/ayuntamiento_web/wp-admin/plugins.php" "Mozilla/5.0 (Windows NT 10.0; Win64; x64; rv:137.0) Gecko/20100101 Firefox/137.0"
127.0.0.1 - - [10/Apr/2025:09:17:36 +0200] "GET /ayuntamiento_web/wp-includes/js/dist/is-shallow-equal.min.js?ver=e0f9f1d78d83f5196979 HTTP/1.1" 200 1018 "http://localhost/ayuntamiento_web/wp-admin/plugins.php" "Mozilla/5.0 (Windows NT 10.0; Win64; x64; rv:137.0) Gecko/20100101 Firefox/137.0"
127.