127.0.0.1 - - [09/Apr/2025:10:16:41 +0200] "GET /ayuntamiento_webC:secretsecretsecretXampphtdocsayuntamiento_webwp-contentpluginsthe-events-calendarcommonvendorvendor-prefixedstellarwpinstallersrc/assets/js/installer.js?ver=1.1.1 HTTP/1.1" 403 298 "http://localhost/ayuntamiento_web/wp-admin/edit.php?post_type=tribe_events&page=first-time-setup" "Mozilla/5.0 (Windows NT 10.0; Win64; x64; rv:137.0) Gecko/20100101 Firefox/137.0"
127.0.0.1 - - [09/Apr/2025:10:16:41 +0200] "GET /ayuntamiento_web/wp-content/plugins/the-events-calendar/common/src/resources/images/logo/the-events-calendar.svg HTTP/1.1" 304 - "http://localhost/ayuntamiento_web/wp-admin/edit.php?post_type=tribe_events&page=first-time-setup" "Mozilla/5.0 (Windows NT 10.0; Win64; x64; rv:137.0) Gecko/20100101 Firefox/137.0"
127.0.0.1 - - [09/Apr/2025:10:16:41 +0200] "GET /ayuntamiento_web/wp-content/plugins/the-events-calendar/common/src/resources/images/icons/stars.svg HTTP/1.1" 304 - "http://localhost/ayuntamiento_web/wp-content/plugins/the-events-calendar/common/src/resources/css/tribe-common-admin.min.css?ver=6.5.5" "Mozilla/5.0 (Windows NT 10.0; Win64; x64; rv:137.0) Gecko/20100101 Firefox/137.0"
127.0.0.1 - - [09/Apr/2025:10:16:41 +0200] "GET /ayuntamiento_web/wp-content/plugins/the-events-calendar/common/src/resources/images/icons/green-check.svg HTTP/1.1" 304 - "http://localhost/ayuntamiento_web/wp-content/plugins/the-events-calendar/common/src/resources/css/tribe-common-admin.min.css?ver=6.5.5" "Mozilla/5.0 (Windows NT 10.0; Win64; x64; rv:137.0) Gecko/20100101 Firefox/137.0"
127.0.0.1 - - [09/Apr/2025:10:16:41 +0200] "GET /ayuntamiento_web/wp-content/plugins/the-events-calendar/common/src/resources/images/icons/book.svg HTTP/1.1" 304 - "http://localhost/ayuntamiento_web/wp-content/plugins/the-events-calendar/common/src/resources/css/tribe-common-admin.min.css?ver=6.5.5" "Mozilla/5.0 (Windows NT 10.0; Win64; x64; rv:137.0) Gecko/20100101 Firefox/137.0"
127.0.0.1 - - [09/Apr/2025:10:16:41 +0200] "GET /ayuntamiento_web/wp-content/plugins/the-events-calendar/common/src/resources/images/icons/customize.svg HTTP/1.1" 304 - "http://localhost/ayuntamiento_web/wp-content/plugins/the-events-calendar/common/src/resources/css/tribe-common-admin.min.css?ver=6.5.5" "Mozilla/5.0 (Windows NT 10.0; Win64; x64; rv:137.0) Gecko/20100101 Firefox/137.0"
127.0.0.1 - - [09/Apr/2025:10:16:41 +0200] "GET /ayuntamiento_web/wp-content/plugins/the-events-calendar/common/src/resources/images/icons/chat-bubble.svg HTTP/1.1" 304 - "http://localhost/ayuntamiento_web/wp-content/plugins/the-events-calendar/common/src/resources/css/tribe-common-admin.min.css?ver=6.5.5" "Mozilla/5.0 (Windows NT 10.0; Win64; x64; rv:137.0) Gecko/20100101 Firefox/137.0"
127.0.0.1 - - [09/Apr/2025:10:16:41 +0200] "GET /ayuntamiento_webC:secretsecretsecretXampphtdocsayuntamiento_webwp-contentpluginsthe-events-calendarcommonvendorvendor-prefixedstellarwpinstallersrc/assets/js/installer.js?ver=1.1.1 HTTP/1.1" 403 298 "http://localhost/ayuntamiento_web/wp-admin/edit.php?post_type=tribe_events&page=first-time-setup" "Mozilla/5.0 (Windows NT 10.0; Win64; x64; rv:137.0) Gecko/20100101 Firefox/137.0"
127.0.0.1 - - [09/Apr/2025:10:16:41 +0200] "GET /ayuntamiento_web/wp-content/plugins/the-events-calendar/build/wizard/images/wizard-welcome-img.c3798c4a.png HTTP/1.1" 304 - "http://localhost/ayuntamiento_web/wp-admin/edit.php?post_type=tribe_events&page=first-time-setup" "Mozilla/5.0 (Windows NT 10.0; Win64; x64; rv:137.0) Gecko/20100101 Firefox/137.0"
::1 - - [09/Apr/2025:10:17:11 +0200] "POST /ayuntamiento_web/wp-cron.php?doing_wp_cron=1744186631.5405249595642089843750 HTTP/1.1" 200 - "-" "WordPress/6.7.2; http://localhost/ayuntamiento_web"
127.0.0.1 - - [09/Apr/2025:10:17:10 +0200] "POST /ayuntamiento_web/wp-json/tec/v2/onboarding/wizard?_locale=user HTTP/1.1" 500 458 "http://localhost/ayuntamiento_web/wp-admin/edit.php?post_type=tribe_events&page=first-time-setup" "Mozilla/5.0 (Windows NT 10.0; Win64; x64; rv:137.0) Gecko/20100101 Firefox/137.0"
127.0.0.1 - - [09/Apr/2025:10:17:41 +0200] "POST /ayuntamiento_web/wp-admin/admin-ajax.php HTTP/1.1" 200 47 "http://localhost/ayuntamiento_web/wp-admin/edit.php?post_type=tribe_events&page=first-time-setup" "Mozilla/5.0 (Windows NT 10.0; Win64; x64; rv:137.0) Gecko/20100101 Firefox/137.0"
::1 - - [09/Apr/2025:10:18:42 +0200] "POST /ayuntamiento_web/wp-cron.php?doing_wp_cron=1744186722.6549150943756103515625 HTTP/1.1" 200 - "-" "WordPress/6.7.2; http://localhost/ayuntamiento_web"
127.0.0.1 - - [09/Apr/2025:10:18:41 +0200] "POST /ayuntamiento_web/wp-admin/admin-ajax.php HTTP/1.1" 200 47 "http://localhost/ayuntamiento_web/wp-admin/edit.php?post_type=tribe_events&page=first-time-setup" "Mozilla/5.0 (Windows NT 10.0; Win64; x64; rv:137.0) Gecko/20100101 Firefox/137.0"
::1 - - [09/Apr/2025:10:19:42 +0200] "POST /ayuntamiento_web/wp-cron.php?doing_wp_cron=1744186782.6373150348663330078125 HTTP/1.1" 200 - "-" "WordPress/6.7.2; http://localhost/ayuntamiento_web"
127.0.0.1 - - [09/Apr/2025:10:19:41 +0200] "POST /ayuntamiento_web/wp-admin/admin-ajax.php HTTP/1.1" 200 47 "http://localhost/ayuntamiento_web/wp-admin/edit.php?post_type=tribe_events&page=first-time-setup" "Mozilla/5.0 (Windows NT 10.0; Win64; x64; rv:137.0) Gecko/20100101 Firefox/137.0"
::1 - - [09/Apr/2025:10:20:42 +0200] "POST /ayuntamiento_web/wp-cron.php?doing_wp_cron=1744186842.8653790950775146484375 HTTP/1.1" 200 - "-" "WordPress/6.7.2; http://localhost/ayuntamiento_web"
127.0.0.1 - - [09/Apr/2025:10:20:41 +0200] "POST /ayuntamiento_web/wp-admin/admin-ajax.php HTTP/1.1" 200 47 "http://localhost/ayuntamiento_web/wp-admin/edit.php?post_type=tribe_events&page=first-time-setup" "Mozilla/5.0 (Windows NT 10.0; Win64; x64; rv:137.0) Gecko/20100101 Firefox/137.0"
::1 - - [09/Apr/2025:10:21:42 +0200] "POST /ayuntamiento_web/wp-cron.php?doing_wp_cron=1744186902.6284499168395996093750 HTTP/1.1" 200 - "-" "WordPress/6.7.2; http://localhost/ayuntamiento_web"
127.0.0.1 - - [09/Apr/2025:10:21:41 +0200] "POST /ayuntamiento_web/wp-admin/admin-ajax.php HTTP/1.1" 200 47 "http://localhost/ayuntamiento_web/wp-admin/edit.php?post_type=tribe_events&page=first-time-setup" "Mozilla/5.0 (Windows NT 10.0; Win64; x64; rv:137.0) Gecko/20100101 Firefox/137.0"
::1 - - [09/Apr/2025:10:22:42 +0200] "POST /ayuntamiento_web/wp-cron.php?doing_wp_cron=1744186962.6719820499420166015625 HTTP/1.1" 200 - "-" "WordPress/6.7.2; http://localhost/ayuntamiento_web"
127.0.0.1 - - [09/Apr/2025:10:22:41 +0200] "POST /ayuntamiento_web/wp-admin/admin-ajax.php HTTP/1.1" 200 47 "http://localhost/ayuntamiento_web/wp-admin/edit.php?post_type=tribe_events&page=first-time-setup" "Mozilla/5.0 (Windows NT 10.0; Win64; x64; rv:137.0) Gecko/20100101 Firefox/137.0"
::1 - - [09/Apr/2025:10:23:42 +0200] "POST /ayuntamiento_web/wp-cron.php?doing_wp_cron=1744187022.8694388866424560546875 HTTP/1.1" 200 - "-" "WordPress/6.7.2; http://localhost/ayuntamiento_web"
127.0.0.1 - - [09/Apr/2025:10:23:41 +0200] "POST /ayuntamiento_web/wp-admin/admin-ajax.php HTTP/1.1" 200 47 "http://localhost/ayuntamiento_web/wp-admin/edit.php?post_type=tribe_events&page=first-time-setup" "Mozilla/5.0 (Windows NT 10.0; Win64; x64; rv:137.0) Gecko/20100101 Firefox/137.0"
::1 - - [09/Apr/2025:10:24:42 +0200] "POST /ayuntamiento_web/wp-cron.php?doing_wp_cron=1744187082.6277999877929687500000 HTTP/1.1" 200 - "-" "WordPress/6.7.2; http://localhost/ayuntamiento_web"
127.0.0.1 - - [09/Apr/2025:10:24:41 +0200] "POST /ayuntamiento_web/wp-admin/admin-ajax.php HTTP/1.1" 200 47 "http://localhost/ayuntamiento_web/wp-admin/edit.php?post_type=tribe_events&page=first-time-setup" "Mozilla/5.0 (Windows NT 10.0; Win64; x64; rv:137.0) Gecko/20100101 Firefox/137.0"
::1 - - [09/Apr/2025:10:25:42 +0200] "POST /ayuntamiento_web/wp-cron.php?doing_wp_cron=1744187142.6968789100646972656250 HTTP/1.1" 200 - "-" "WordPress/6.7.2; http://localhost/ayuntamiento_web"
127.0.0.1 - - [09/Apr/2025:10:25:41 +0200] "POST /ayuntamiento_web/wp-admin/admin-ajax.php HTTP/1.1" 200 47 "http://localhost/ayuntamiento_web/wp-admin/edit.php?post_type=tribe_events&page=first-time-setup" "Mozilla/5.0 (Windows NT 10.0; Win64; x64; rv:137.0) Gecko/20100101 Firefox/137.0"
::1 - - [09/Apr/2025:10:26:42 +0200] "POST /ayuntamiento_web/wp-cron.php?doing_wp_cron=1744187202.8720250129699707031250 HTTP/1.1" 200 - "-" "WordPress/6.7.2; http://localhost/ayuntamiento_web"
127.0.0.1 - - [09/Apr/2025:10:26:41 +0200] "POST /ayuntamiento_web/wp-admin/admin-ajax.php HTTP/1.1" 200 47 "http://localhost/ayuntamiento_web/wp-admin/edit.php?post_type=tribe_events&page=first-time-setup" "Mozilla/5.0 (Windows NT 10.0; Win64; x64; rv:137.0) Gecko/20100101 Firefox/137.0"
::1 - - [09/Apr/2025:10:27:42 +0200] "POST /ayuntamiento_web/wp-cron.php?doing_wp_cron=1744187262.6643168926239013671875 HTTP/1.1" 200 - "-" "WordPress/6.7.2; http://localhost/ayuntamiento_web"
127.0.0.1 - - [09/Apr/2025:10:27:41 +0200] "POST /ayuntamiento_web/wp-admin/admin-ajax.php HTTP/1.1" 200 47 "http://localhost/ayuntamiento_web/wp-admin/edit.php?post_type=tribe_events&page=first-time-setup" "Mozilla/5.0 (Windows NT 10.0; Win64; x64; rv:137.0) Gecko/20100101 Firefox/137.0"
::1 - - [09/Apr/2025:10:28:42 +0200] "POST /ayuntamiento_web/wp-cron.php?doing_wp_cron=1744187322.7109620571136474609375 HTTP/1.1" 200 - "-" "WordPress/6.7.2; http://localhost/ayuntamiento_web"
127.0.0.1 - - [09/Apr/2025:10:28:41 +0200] "POST /ayuntamiento_web/wp-admin/admin-ajax.php HTTP/1.1" 200 47 "http://localhost/ayuntamiento_web/wp-admin/edit.php?post_type=tribe_events&page=first-time-setup" "Mozilla/5.0 (Windows NT 10.0; Win64; x64; rv:137.0) Gecko/20100101 Firefox/137.0"
::1 - - [09/Apr/2025:10:29:42 +0200] "POST /ayuntamiento_web/wp-cron.php?doing_wp_cron=1744187382.9083709716796875000000 HTTP/1.1" 200 - "-" "WordPress/6.7.2; http://localhost/ayuntamiento_web"
127.0.0.1 - - [09/Apr/2025:10:29:41 +0200] "POST /ayuntamiento_web/wp-admin/admin-ajax.php HTTP/1.1" 200 47 "http://localhost/ayuntamiento_web/wp-admin/edit.php?post_type=tribe_events&page=first-time-setup" "Mozilla/5.0 (Windows NT 10.0; Win64; x64; rv:137.0) Gecko/20100101 Firefox/137.0"
::1 - - [09/Apr/2025:10:30:42 +0200] "POST /ayuntamiento_web/wp-cron.php?doing_wp_cron=1744187442.7003951072692871093750 HTTP/1.1" 200 - "-" "WordPress/6.7.2; http://localhost/ayuntamiento_web"
127.0.0.1 - - [09/Apr/2025:10:30:41 +0200] "POST /ayuntamiento_web/wp-admin/admin-ajax.php HTTP/1.1" 200 47 "http://localhost/ayuntamiento_web/wp-admin/edit.php?post_type=tribe_events&page=first-time-setup" "Mozilla/5.0 (Windows NT 10.0; Win64; x64; rv:137.0) Gecko/20100101 Firefox/137.0"
::1 - - [09/Apr/2025:10:31:18 +0200] "POST /ayuntamiento_web/wp-cron.php?doing_wp_cron=1744187478.8864850997924804687500 HTTP/1.1" 200 - "-" "WordPress/6.7.2; http://localhost/ayuntamiento_web"
127.0.0.1 - - [09/Apr/2025:10:31:20 +0200] "GET /ayuntamiento_web/wp-content/plugins/the-events-calendar/common/src/resources/css/variables-skeleton.min.css?ver=6.5.5 HTTP/1.1" 304 - "http://localhost/ayuntamiento_web/wp-admin/edit.php?post_type=tribe_events&page=first-time-setup" "Mozilla/5.0 (Windows NT 10.0; Win64; x64; rv:137.0) Gecko/20100101 Firefox/137.0"
127.0.0.1 - - [09/Apr/2025:10:31:20 +0200] "GET /ayuntamiento_web/wp-content/plugins/the-events-calendar/common/src/resources/css/variables-full.min.css?ver=6.5.5 HTTP/1.1" 304 - "http://localhost/ayuntamiento_web/wp-admin/edit.php?post_type=tribe_events&page=first-time-setup" "Mozilla/5.0 (Windows NT 10.0; Win64; x64; rv:137.0) Gecko/20100101 Firefox/137.0"
127.0.0.1 - - [09/Apr/2025:10:31:20 +0200] "GET /ayuntamiento_web/wp-content/plugins/the-events-calendar/common/vendor/tribe-selectWoo/dist/css/selectWoo.min.css?ver=6.5.5 HTTP/1.1" 304 - "http://localhost/ayuntamiento_web/wp-admin/edit.php?post_type=tribe_events&page=first-time-setup" "Mozilla/5.0 (Windows NT 10.0; Win64; x64; rv:137.0) Gecko/20100101 Firefox/137.0"
127.0.0.1 - - [09/Apr/2025:10:31:18 +0200] "GET /ayuntamiento_web/wp-admin/edit.php?post_type=tribe_events&page=first-time-setup HTTP/1.1" 200 122047 "http://localhost/ayuntamiento_web/wp-admin/edit.php?post_type=tribe_events&page=first-time-setup" "Mozilla/5.0 (Windows NT 10.0; Win64; x64; rv:137.0) Gecko/20100101 Firefox/137.0"
127.0.0.1 - - [09/Apr/2025:10:31:20 +0200] "GET /ayuntamiento_web/wp-content/plugins/the-events-calendar/common/src/resources/css/dependency.min.css?ver=6.5.5 HTTP/1.1" 304 - "http://localhost/ayuntamiento_web/wp-admin/edit.php?post_type=tribe_events&page=first-time-setup" "Mozilla/5.0 (Windows NT 10.0; Win64; x64; rv:137.0) Gecko/20100101 Firefox/137.0"
127.0.0.1 - - [09/Apr/2025:10:31:20 +0200] "GET /ayuntamiento_web/wp-content/plugins/the-events-calendar/common/src/resources/css/bumpdown.min.css?ver=6.5.5 HTTP/1.1" 304 - "http://localhost/ayuntamiento_web/wp-admin/edit.php?post_type=tribe_events&page=first-time-setup" "Mozilla/5.0 (Windows NT 10.0; Win64; x64; rv:137.0) Gecko/20100101 Firefox/137.0"
127.0.0.1 - - [09/Apr/2025:10:31:20 +0200] "GET /ayuntamiento_web/wp-content/plugins/the-events-calendar/common/src/resources/css/buttonset.min.css?ver=6.5.5 HTTP/1.1" 304 - "http://localhost/ayuntamiento_web/wp-admin/edit.php?post_type=tribe_events&page=first-time-setup" "Mozilla/5.0 (Windows NT 10.0; Win64; x64; rv:137.0) Gecko/20100101 Firefox/137.0"
127.0.0.1 - - [09/Apr/2025:10:31:20 +0200] "GET /ayuntamiento_web/wp-content/plugins/the-events-calendar/common/src/resources/css/tribe-common-admin.min.css?ver=6.5.5 HTTP/1.1" 304 - "http://localhost/ayuntamiento_web/wp-admin/edit.php?post_type=tribe_events&page=first-time-setup" "Mozilla/5.0 (Windows NT 10.0; Win64; x64; rv:137.0) Gecko/20100101 Firefox/137.0"
127.0.0.1 - - [09/Apr/2025:10:31:20 +0200] "GET /ayuntamiento_web/wp-content/plugins/the-events-calendar/common/vendor/tooltipster/tooltipster.bundle.min.css?ver=6.5.5 HTTP/1.1" 304 - "http://localhost/ayuntamiento_web/wp-admin/edit.php?post_type=tribe_events&page=first-time-setup" "Mozilla/5.0 (Windows NT 10.0; Win64; x64; rv:137.0) Gecko/20100101 Firefox/137.0"
127.0.0.1 - - [09/Apr/2025:10:31:20 +0200] "GET /ayuntamiento_web/wp-content/plugins/the-events-calendar/common/src/resources/css/validation.min.css?ver=6.5.5 HTTP/1.1" 304 - "http://localhost/ayuntamiento_web/wp-admin/edit.php?post_type=tribe_events&page=first-time-setup" "Mozilla/5.0 (Windows NT 10.0; Win64; x64; rv:137.0) Gecko/20100101 Firefox/137.0"
127.0.0.1 - - [09/Apr/2025:10:31:20 +0200] "GET /ayuntamiento_web/wp-content/plugins/the-events-calendar/common/src/resources/css/datepicker.min.css?ver=6.5.5 HTTP/1.1" 304 - "http://localhost/ayuntamiento_web/wp-admin/edit.php?post_type=tribe_events&page=first-time-setup" "Mozilla/5.0 (Windows NT 10.0; Win64; x64; rv:137.0) Gecko/20100101 Firefox/137.0"
127.0.0.1 - - [09/Apr/2025:10:31:20 +0200] "GET /ayuntamiento_web/wp-content/plugins/the-events-calendar/common/vendor/jquery-tribe-timepicker/jquery.timepicker.css?ver=6.5.5 HTTP/1.1" 304 - "http://localhost/ayuntamiento_web/wp-admin/edit.php?post_type=tribe_events&page=first-time-setup" "Mozilla/5.0 (Windows NT 10.0; Win64; x64; rv:137.0) Gecko/20100101 Firefox/137.0"
127.0.0.1 - - [09/Apr/2025:10:31:20 +0200] "GET /ayuntamiento_web/wp-content/plugins/the-events-calendar/src/resources/css/events-admin.min.css?ver=6.11.1 HTTP/1.1" 304 - "http://localhost/ayuntamiento_web/wp-admin/edit.php?post_type=tribe_events&page=first-time-setup" "Mozilla/5.0 (Windows NT 10.0; Win64; x64; rv:137.0) Gecko/20100101 Firefox/137.0"
127.0.0.1 - - [09/Apr/2025:10:31:20 +0200] "GET /ayuntamiento_web/wp-content/plugins/the-events-calendar/src/resources/css/admin-menu.min.css?ver=6.11.1 HTTP/1.1" 304 - "http://localhost/ayuntamiento_web/wp-admin/edit.php?post_type=tribe_events&page=first-time-setup" "Mozilla/5.0 (Windows NT 10.0; Win64; x64; rv:137.0) Gecko/20100101 Firefox/137.0"
127.0.0.1 - - [09/Apr/2025:10:31:20 +0200] "GET /ayuntamiento_web/wp-content/plugins/the-events-calendar/common/src/resources/css/common-skeleton.min.css?ver=6.5.5 HTTP/1.1" 304 - "http://localhost/ayuntamiento_web/wp-admin/edit.php?post_type=tribe_events&page=first-time-setup" "Mozilla/5.0 (Windows NT 10.0; Win64; x64; rv:137.0) Gecko/20100101 Firefox/137.0"
127.0.0.1 - - [09/Apr/2025:10:31:20 +0200] "GET /ayuntamiento_web/wp-content/plugins/the-events-calendar/common/src/resources/css/tooltip.min.css?ver=6.5.5 HTTP/1.1" 304 - "http://localhost/ayuntamiento_web/wp-admin/edit.php?post_type=tribe_events&page=first-time-setup" "Mozilla/5.0 (Windows NT 10.0; Win64; x64; rv:137.0) Gecko/20100101 Firefox/137.0"
127.0.0.1 - - [09/Apr/2025:10:31:20 +0200] "GET /ayuntamiento_web/wp-content/plugins/the-events-calendar/common/src/resources/css/app-shop.min.css?ver=6.5.5 HTTP/1.1" 304 - "http://localhost/ayuntamiento_web/wp-admin/edit.php?post_type=tribe_events&page=first-time-setup" "Mozilla/5.0 (Windows NT 10.0; Win64; x64; rv:137.0) Gecko/20100101 Firefox/137.0"
127.0.0.1 - - [09/Apr/2025:10:31:20 +0200] "GET /ayuntamiento_web/wp-content/plugins/the-events-calendar/common/src/resources/css/datatables.min.css?ver=6.5.5 HTTP/1.1" 304 - "http://localhost/ayuntamiento_web/wp-admin/edit.php?post_type=tribe_events&page=first-time-setup" "Mozilla/5.0 (Windows NT 10.0; Win64; x64; rv:137.0) Gecko/20100101 Firefox/137.0"
127.0.0.1 - - [09/Apr/2025:10:31:20 +0200] "GET /ayuntamiento_web/wp-content/plugins/the-events-calendar/src/resources/css/aggregator-page.min.css?ver=6.11.1 HTTP/1.1" 304 - "http://localhost/ayuntamiento_web/wp-admin/edit.php?post_type=tribe_events&page=first-time-setup" "Mozilla/5.0 (Windows NT 10.0; Win64; x64; rv:137.0) Gecko/20100101 Firefox/137.0"
127.0.0.1 - - [09/Apr/2025:10:31:20 +0200] "GET /ayuntamiento_web/wp-content/plugins/the-events-calendar/src/resources/css/admin/notice-install-event-tickets.min.css?ver=6.11.1 HTTP/1.1" 304 - "http://localhost/ayuntamiento_web/wp-admin/edit.php?post_type=tribe_events&page=first-time-setup" "Mozilla/5.0 (Windows NT 10.0; Win64; x64; rv:137.0) Gecko/20100101 Firefox/137.0"
127.0.0.1 - - [09/Apr/2025:10:31:20 +0200] "GET /ayuntamiento_web/wp-content/plugins/the-events-calendar/build/wizard/index.css?ver=6.5.5 HTTP/1.1" 304 - "http://localhost/ayuntamiento_web/wp-admin/edit.php?post_type=tribe_events&page=first-time-setup" "Mozilla/5.0 (Windows NT 10.0; Win64; x64; rv:137.0) Gecko/20100101 Firefox/137.0"
127.0.0.1 - - [09/Apr/2025:10:31:20 +0200] "GET /ayuntamiento_web/wp-content/plugins/the-events-calendar/vendor/jquery-resize/jquery.ba-resize.min.js?ver=6.11.1 HTTP/1.1" 304 - "http://localhost/ayuntamiento_web/wp-admin/edit.php?post_type=tribe_events&page=first-time-setup" "Mozilla/5.0 (Windows NT 10.0; Win64; x64; rv:137.0) Gecko/20100101 Firefox/137.0"
127.0.0.1 - - [09/Apr/2025:10:31:20 +0200] "GET /ayuntamiento_web/wp-content/plugins/the-events-calendar/common/src/resources/js/tribe-common.min.js?ver=6.5.5 HTTP/1.1" 304 - "http://localhost/ayuntamiento_web/wp-admin/edit.php?post_type=tribe_events&page=first-time-setup" "Mozilla/5.0 (Windows NT 10.0; Win64; x64; rv:137.0) Gecko/20100101 Firefox/137.0"
127.0.0.1 - - [09/Apr/2025:10:31:20 +0200] "GET /ayuntamiento_web/wp-content/plugins/the-events-calendar/common/src/resources/js/buttonset.min.js?ver=6.5.5 HTTP/1.1" 304 - "http://localhost/ayuntamiento_web/wp-admin/edit.php?post_type=tribe_events&page=first-time-setup" "Mozilla/5.0 (Windows NT 10.0; Win64; x64; rv:137.0) Gecko/20100101 Firefox/137.0"
127.0.0.1 - - [09/Apr/2025:10:31:20 +0200] "GET /ayuntamiento_web/wp-content/plugins/the-events-calendar/common/src/resources/js/utils-camelcase.min.js?ver=6.5.5 HTTP/1.1" 304 - "http://localhost/ayuntamiento_web/wp-admin/edit.php?post_type=tribe_events&page=first-time-setup" "Mozilla/5.0 (Windows NT 10.0; Win64; x64; rv:137.0) Gecko/20100101 Firefox/137.0"
127.0.0.1 - - [09/Apr/2025:10:31:20 +0200] "GET /ayuntamiento_web/wp-content/plugins/the-events-calendar/common/vendor/tooltipster/tooltipster.bundle.min.js?ver=6.5.5 HTTP/1.1" 304 - "http://localhost/ayuntamiento_web/wp-admin/edit.php?post_type=tribe_events&page=first-time-setup" "Mozilla/5.0 (Windows NT 10.0; Win64; x64; rv:137.0) Gecko/20100101 Firefox/137.0"
127.0.0.1 - - [09/Apr/2025:10:31:20 +0200] "GET /ayuntamiento_web/wp-content/plugins/the-events-calendar/common/vendor/dayjs/dayjs.min.js?ver=6.5.5 HTTP/1.1" 304 - "http://localhost/ayuntamiento_web/wp-admin/edit.php?post_type=tribe_events&page=first-time-setup" "Mozilla/5.0 (Windows NT 10.0; Win64; x64; rv:137.0) Gecko/20100101 Firefox/137.0"
127.0.0.1 - - [09/Apr/2025:10:31:20 +0200] "GET /ayuntamiento_web/wp-content/plugins/the-events-calendar/common/vendor/dayjs/plugin/customParseFormat.min.js?ver=6.5.5 HTTP/1.1" 304 - "http://localhost/ayuntamiento_web/wp-admin/edit.php?post_type=tribe_events&page=first-time-setup" "Mozilla/5.0 (Windows NT 10.0; Win64; x64; rv:137.0) Gecko/20100101 Firefox/137.0"
127.0.0.1 - - [09/Apr/2025:10:31:20 +0200] "GET /ayuntamiento_web/wp-content/plugins/the-events-calendar/common/src/resources/js/validation.min.js?ver=6.5.5 HTTP/1.1" 304 - "http://localhost/ayuntamiento_web/wp-admin/edit.php?post_type=tribe_events&page=first-time-setup" "Mozilla/5.0 (Windows NT 10.0; Win64; x64; rv:137.0) Gecko/20100101 Firefox/137.0"
127.0.0.1 - - [09/Apr/2025:10:31:20 +0200] "GET /ayuntamiento_web/wp-content/plugins/the-events-calendar/common/src/resources/js/dependency.min.js?ver=6.5.5 HTTP/1.1" 304 - "http://localhost/ayuntamiento_web/wp-admin/edit.php?post_type=tribe_events&page=first-time-setup" "Mozilla/5.0 (Windows NT 10.0; Win64; x64; rv:137.0) Gecko/20100101 Firefox/137.0"
127.0.0.1 - - [09/Apr/2025:10:31:20 +0200] "GET /ayuntamiento_web/wp-content/plugins/the-events-calendar/common/src/resources/css/tribe-ui.min.css?ver=6.5.5 HTTP/1.1" 304 - "http://localhost/ayuntamiento_web/wp-admin/edit.php?post_type=tribe_events&page=first-time-setup" "Mozilla/5.0 (Windows NT 10.0; Win64; x64; rv:137.0) Gecko/20100101 Firefox/137.0"
127.0.0.1 - - [09/Apr/2025:10:31:20 +0200] "GET /ayuntamiento_web/wp-content/plugins/the-events-calendar/common/src/resources/js/pue-notices.min.js?ver=6.5.5 HTTP/1.1" 304 - "http://localhost/ayuntamiento_web/wp-admin/edit.php?post_type=tribe_events&page=first-time-setup" "Mozilla/5.0 (Windows NT 10.0; Win64; x64; rv:137.0) Gecko/20100101 Firefox/137.0"
127.0.0.1 - - [09/Apr/2025:10:31:20 +0200] "GET /ayuntamiento_web/wp-content/plugins/the-events-calendar/common/src/resources/js/admin/settings-nav-modals.min.js?ver=6.5.5 HTTP/1.1" 304 - "http://localhost/ayuntamiento_web/wp-admin/edit.php?post_type=tribe_events&page=first-time-setup" "Mozilla/5.0 (Windows NT 10.0; Win64; x64; rv:137.0) Gecko/20100101 Firefox/137.0"
127.0.0.1 - - [09/Apr/2025:10:31:20 +0200] "GET /ayuntamiento_web/wp-content/plugins/the-events-calendar/common/src/resources/js/admin/url-fragment-scroll.min.js?ver=6.5.5 HTTP/1.1" 304 - "http://localhost/ayuntamiento_web/wp-admin/edit.php?post_type=tribe_events&page=first-time-setup" "Mozilla/5.0 (Windows NT 10.0; Win64; x64; rv:137.0) Gecko/20100101 Firefox/137.0"
127.0.0.1 - - [09/Apr/2025:10:31:20 +0200] "GET /ayuntamiento_web/wp-content/plugins/the-events-calendar/common/src/resources/js/bumpdown.min.js?ver=6.5.5 HTTP/1.1" 304 - "http://localhost/ayuntamiento_web/wp-admin/edit.php?post_type=tribe_events&page=first-time-setup" "Mozilla/5.0 (Windows NT 10.0; Win64; x64; rv:137.0) Gecko/20100101 Firefox/137.0"
127.0.0.1 - - [09/Apr/2025:10:31:20 +0200] "GET /ayuntamiento_web/wp-content/plugins/the-events-calendar/common/vendor/tribe-selectWoo/dist/js/selectWoo.full.min.js?ver=6.5.5 HTTP/1.1" 304 - "http://localhost/ayuntamiento_web/wp-admin/edit.php?post_type=tribe_events&page=first-time-setup" "Mozilla/5.0 (Windows NT 10.0; Win64; x64; rv:137.0) Gecko/20100101 Firefox/137.0"
127.0.0.1 - - [09/Apr/2025:10:31:20 +0200] "GET /ayuntamiento_web/wp-content/plugins/the-events-calendar/common/src/resources/js/dropdowns.min.js?ver=6.5.5 HTTP/1.1" 304 - "http://localhost/ayuntamiento_web/wp-admin/edit.php?post_type=tribe_events&page=first-time-setup" "Mozilla/5.0 (Windows NT 10.0; Win64; x64; rv:137.0) Gecko/20100101 Firefox/137.0"
127.0.0.1 - - [09/Apr/2025:10:31:20 +0200] "GET /ayuntamiento_web/wp-content/plugins/the-events-calendar/common/vendor/attrchange/js/attrchange.js?ver=6.5.5 HTTP/1.1" 304 - "http://localhost/ayuntamiento_web/wp-admin/edit.php?post_type=tribe_events&page=first-time-setup" "Mozilla/5.0 (Windows NT 10.0; Win64; x64; rv:137.0) Gecko/20100101 Firefox/137.0"
127.0.0.1 - - [09/Apr/2025:10:31:20 +0200] "GET /ayuntamiento_web/wp-content/plugins/the-events-calendar/common/node_modules/php-date-formatter/js/php-date-formatter.min.js?ver=6.5.5 HTTP/1.1" 304 - "http://localhost/ayuntamiento_web/wp-admin/edit.php?post_type=tribe_events&page=first-time-setup" "Mozilla/5.0 (Windows NT 10.0; Win64; x64; rv:137.0) Gecko/20100101 Firefox/137.0"
127.0.0.1 - - [09/Apr/2025:10:31:20 +0200] "GET /ayuntamiento_web/wp-content/plugins/the-events-calendar/src/resources/js/events-dynamic.min.js?ver=6.11.1 HTTP/1.1" 304 - "http://localhost/ayuntamiento_web/wp-admin/edit.php?post_type=tribe_events&page=first-time-setup" "Mozilla/5.0 (Windows NT 10.0; Win64; x64; rv:137.0) Gecko/20100101 Firefox/137.0"
127.0.0.1 - - [09/Apr/2025:10:31:20 +0200] "GET /ayuntamiento_web/wp-content/plugins/the-events-calendar/common/vendor/jquery-tribe-timepicker/jquery.timepicker.min.js?ver=6.5.5 HTTP/1.1" 304 - "http://localhost/ayuntamiento_web/wp-admin/edit.php?post_type=tribe_events&page=first-time-setup" "Mozilla/5.0 (Windows NT 10.0; Win64; x64; rv:137.0) Gecko/20100101 Firefox/137.0"
127.0.0.1 - - [09/Apr/2025:10:31:20 +0200] "GET /ayuntamiento_web/wp-content/plugins/the-events-calendar/common/src/resources/js/timepicker.min.js?ver=6.5.5 HTTP/1.1" 304 - "http://localhost/ayuntamiento_web/wp-admin/edit.php?post_type=tribe_events&page=first-time-setup" "Mozilla/5.0 (Windows NT 10.0; Win64; x64; rv:137.0) Gecko/20100101 Firefox/137.0"
127.0.0.1 - - [09/Apr/2025:10:31:20 +0200] "GET /ayuntamiento_web/wp-content/plugins/the-events-calendar/src/resources/js/events-admin.min.js?ver=6.11.1 HTTP/1.1" 304 - "http://localhost/ayuntamiento_web/wp-admin/edit.php?post_type=tribe_events&page=first-time-setup" "Mozilla/5.0 (Windows NT 10.0; Win64; x64; rv:137.0) Gecko/20100101 Firefox/137.0"
127.0.0.1 - - [09/Apr/2025:10:31:20 +0200] "GET /ayuntamiento_web/wp-content/plugins/the-events-calendar/src/resources/js/jquery-ecp-plugins.min.js?ver=6.11.1 HTTP/1.1" 304 - "http://localhost/ayuntamiento_web/wp-admin/edit.php?post_type=tribe_events&page=first-time-setup" "Mozilla/5.0 (Windows NT 10.0; Win64; x64; rv:137.0) Gecko/20100101 Firefox/137.0"
127.0.0.1 - - [09/Apr/2025:10:31:20 +0200] "GET /ayuntamiento_web/wp-content/plugins/the-events-calendar/src/resources/js/event-editor.min.js?ver=6.11.1 HTTP/1.1" 304 - "http://localhost/ayuntamiento_web/wp-admin/edit.php?post_type=tribe_events&page=first-time-setup" "Mozilla/5.0 (Windows NT 10.0; Win64; x64; rv:137.0) Gecko/20100101 Firefox/137.0"
127.0.0.1 - - [09/Apr/2025:10:31:20 +0200] "GET /ayuntamiento_web/wp-content/plugins/the-events-calendar/src/resources/js/tribe-settings.min.js?ver=6.11.1 HTTP/1.1" 304 - "http://localhost/ayuntamiento_web/wp-admin/edit.php?post_type=tribe_events&page=first-time-setup" "Mozilla/5.0 (Windows NT 10.0; Win64; x64; rv:137.0) Gecko/20100101 Firefox/137.0"
127.0.0.1 - - [09/Apr/2025:10:31:20 +0200] "GET /ayuntamiento_web/wp-content/plugins/the-events-calendar/common/src/resources/vendor/clipboard.min.js?ver=6.5.5 HTTP/1.1" 304 - "http://localhost/ayuntamiento_web/wp-admin/edit.php?post_type=tribe_events&page=first-time-setup" "Mozilla/5.0 (Windows NT 10.0; Win64; x64; rv:137.0) Gecko/20100101 Firefox/137.0"
127.0.0.1 - - [09/Apr/2025:10:31:20 +0200] "GET /ayuntamiento_web/wp-content/plugins/the-events-calendar/common/src/resources/js/utils/tec-copy-to-clipboard.min.js?ver=6.5.5 HTTP/1.1" 304 - "http://localhost/ayuntamiento_web/wp-admin/edit.php?post_type=tribe_events&page=first-time-setup" "Mozilla/5.0 (Windows NT 10.0; Win64; x64; rv:137.0) Gecko/20100101 Firefox/137.0"
127.0.0.1 - - [09/Apr/2025:10:31:20 +0200] "GET /ayuntamiento_web/wp-content/plugins/the-events-calendar/common/src/resources/js/tooltip.min.js?ver=6.5.5 HTTP/1.1" 304 - "http://localhost/ayuntamiento_web/wp-admin/edit.php?post_type=tribe_events&page=first-time-setup" "Mozilla/5.0 (Windows NT 10.0; Win64; x64; rv:137.0) Gecko/20100101 Firefox/137.0"
127.0.0.1 - - [09/Apr/2025:10:31:20 +0200] "GET /ayuntamiento_web/wp-content/plugins/the-events-calendar/common/src/resources/js/app-shop.min.js?ver=6.5.5 HTTP/1.1" 304 - "http://localhost/ayuntamiento_web/wp-admin/edit.php?post_type=tribe_events&page=first-time-setup" "Mozilla/5.0 (Windows NT 10.0; Win64; x64; rv:137.0) Gecko/20100101 Firefox/137.0"
127.0.0.1 - - [09/Apr/2025:10:31:20 +0200] "GET /ayuntamiento_web/wp-content/plugins/the-events-calendar/src/resources/js/aggregator-notice.min.js?ver=6.11.1 HTTP/1.1" 304 - "http://localhost/ayuntamiento_web/wp-admin/edit.php?post_type=tribe_events&page=first-time-setup" "Mozilla/5.0 (Windows NT 10.0; Win64; x64; rv:137.0) Gecko/20100101 Firefox/137.0"
127.0.0.1 - - [09/Apr/2025:10:31:20 +0200] "GET /ayuntamiento_web/wp-content/plugins/the-events-calendar/src/resources/js/admin-ignored-events.min.js?ver=6.11.1 HTTP/1.1" 304 - "http://localhost/ayuntamiento_web/wp-admin/edit.php?post_type=tribe_events&page=first-time-setup" "Mozilla/5.0 (Windows NT 10.0; Win64; x64; rv:137.0) Gecko/20100101 Firefox/137.0"
127.0.0.1 - - [09/Apr/2025:10:31:20 +0200] "GET /ayuntamiento_web/wp-content/plugins/the-events-calendar/src/resources/js/admin/notice-install-event-tickets.min.js?ver=6.11.1 HTTP/1.1" 304 - "http://localhost/ayuntamiento_web/wp-admin/edit.php?post_type=tribe_events&page=first-time-setup" "Mozilla/5.0 (Windows NT 10.0; Win64; x64; rv:137.0) Gecko/20100101 Firefox/137.0"
127.0.0.1 - - [09/Apr/2025:10:31:20 +0200] "GET /ayuntamiento_web/wp-includes/js/dist/html-entities.min.js?ver=2cd3358363e0675638fb HTTP/1.1" 200 788 "http://localhost/ayuntamiento_web/wp-admin/edit.php?post_type=tribe_events&page=first-time-setup" "Mozilla/5.0 (Windows NT 10.0; Win64; x64; rv:137.0) Gecko/20100101 Firefox/137.0"
127.0.0.1 - - [09/Apr/2025:10:31:20 +0200] "GET /ayuntamiento_web/wp-includes/js/dist/data-controls.min.js?ver=49f5587e8b90f9e7cc7e HTTP/1.1" 200 1472 "http://localhost/ayuntamiento_web/wp-admin/edit.php?post_type=tribe_events&page=first-time-setup" "Mozilla/5.0 (Windows NT 10.0; Win64; x64; rv:137.0) Gecko/20100101 Firefox/137.0"
127.0.0.1 - - [09/Apr/2025:10:31:20 +0200] "GET /ayuntamiento_web/wp-content/plugins/the-events-calendar/build/wizard/index.js?ver=2abe36e28bc841725fd8 HTTP/1.1" 200 89785 "http://localhost/ayuntamiento_web/wp-admin/edit.php?post_type=tribe_events&page=first-time-setup" "Mozilla/5.0 (Windows NT 10.0; Win64; x64; rv:137.0) Gecko/20100101 Firefox/137.0"
127.0.0.1 - - [09/Apr/2025:10:31:20 +0200] "GET /ayuntamiento_web/wp-content/plugins/the-events-calendar/common/vendor/vendor-prefixed/stellarwp/admin-notices/src/resources/admin-notices.js?ver=1744186349 HTTP/1.1" 304 - "http://localhost/ayuntamiento_web/wp-admin/edit.php?post_type=tribe_events&page=first-time-setup" "Mozilla/5.0 (Windows NT 10.0; Win64; x64; rv:137.0) Gecko/20100101 Firefox/137.0"
127.0.0.1 - - [09/Apr/2025:10:31:20 +0200] "GET /ayuntamiento_webC:secretsecretsecretXampphtdocsayuntamiento_webwp-contentpluginsthe-events-calendarcommonvendorvendor-prefixedstellarwpinstallersrc/assets/js/installer.js?ver=1.1.1 HTTP/1.1" 403 298 "http://localhost/ayuntamiento_web/wp-admin/edit.php?post_type=tribe_events&page=first-time-setup" "Mozilla/5.0 (Windows NT 10.0; Win64; x64; rv:137.0) Gecko/20100101 Firefox/137.0"
127.0.0.1 - - [09/Apr/2025:10:31:20 +0200] "GET /ayuntamiento_web/wp-content/plugins/the-events-calendar/common/src/resources/images/logo/the-events-calendar.svg HTTP/1.1" 200 4480 "http://localhost/ayuntamiento_web/wp-admin/edit.php?post_type=tribe_events&page=first-time-setup" "Mozilla/5.0 (Windows NT 10.0; Win64; x64; rv:137.0) Gecko/20100101 Firefox/137.0"
127.0.0.1 - - [09/Apr/2025:10:31:20 +0200] "GET /ayuntamiento_web/wp-content/plugins/the-events-calendar/common/src/resources/images/icons/green-check.svg HTTP/1.1" 200 259 "http://localhost/ayuntamiento_web/wp-content/plugins/the-events-calendar/common/src/resources/css/tribe-common-admin.min.css?ver=6.5.5" "Mozilla/5.0 (Windows NT 10.0; Win64; x64; rv:137.0) Gecko/20100101 Firefox/137.0"
127.0.0.1 - - [09/Apr/2025:10:31:20 +0200] "GET /ayuntamiento_web/wp-content/plugins/the-events-calendar/common/src/resources/images/icons/stars.svg HTTP/1.1" 200 1045 "http://localhost/ayuntamiento_web/wp-content/plugins/the-events-calendar/common/src/resources/css/tribe-common-admin.min.css?ver=6.5.5" "Mozilla/5.0 (Windows NT 10.0; Win64; x64; rv:137.0) Gecko/20100101 Firefox/137.0"
127.0.0.1 - - [09/Apr/2025:10:31:20 +0200] "GET /ayuntamiento_web/wp-content/plugins/the-events-calendar/common/src/resources/images/icons/book.svg HTTP/1.1" 200 4753 "http://localhost/ayuntamiento_web/wp-content/plugins/the-events-calendar/common/src/resources/css/tribe-common-admin.min.css?ver=6.5.5" "Mozilla/5.0 (Windows NT 10.0; Win64; x64; rv:137.0) Gecko/20100101 Firefox/137.0"
127.0.0.1 - - [09/Apr/2025:10:31:20 +0200] "GET /ayuntamiento_web/wp-content/plugins/the-events-calendar/common/src/resources/images/icons/customize.svg HTTP/1.1" 200 1155 "http://localhost/ayuntamiento_web/wp-content/plugins/the-events-calendar/common/src/resources/css/tribe-common-admin.min.css?ver=6.5.5" "Mozilla/5.0 (Windows NT 10.0; Win64; x64; rv:137.0) Gecko/20100101 Firefox/137.0"
127.0.0.1 - - [09/Apr/2025:10:31:20 +0200] "GET /ayuntamiento_web/wp-content/plugins/the-events-calendar/common/src/resources/images/icons/chat-bubble.svg HTTP/1.1" 200 1557 "http://localhost/ayuntamiento_web/wp-content/plugins/the-events-calendar/common/src/resources/css/tribe-common-admin.min.css?ver=6.5.5" "Mozilla/5.0 (Windows NT 10.0; Win64; x64; rv:137.0) Gecko/20100101 Firefox/137.0"
127.0.0.1 - - [09/Apr/2025:10:31:20 +0200] "GET /ayuntamiento_webC:secretsecretsecretXampphtdocsayuntamiento_webwp-contentpluginsthe-events-calendarcommonvendorvendor-prefixedstellarwpinstallersrc/assets/js/installer.js?ver=1.1.1 HTTP/1.1" 403 298 "http://localhost/ayuntamiento_web/wp-admin/edit.php?post_type=tribe_events&page=first-time-setup" "Mozilla/5.0 (Windows NT 10.0; Win64; x64; rv:137.0) Gecko/20100101 Firefox/137.0"
127.0.0.1 - - [09/Apr/2025:10:31:20 +0200] "GET /favicon.ico HTTP/1.1" 200 30894 "http://localhost/ayuntamiento_web/wp-admin/edit.php?post_type=tribe_events&page=first-time-setup" "Mozilla/5.0 (Windows NT 10.0; Win64; x64; rv:137.0) Gecko/20100101 Firefox/137.0"
127.0.0.1 - - [09/Apr/2025:10:31:20 +0200] "GET /ayuntamiento_web/wp-content/plugins/the-events-calendar/build/wizard/images/wizard-welcome-img.c3798c4a.png HTTP/1.1" 200 48189 "http://localhost/ayuntamiento_web/wp-admin/edit.php?post_type=tribe_events&page=first-time-setup" "Mozilla/5.0 (Windows NT 10.0; Win64; x64; rv:137.0) Gecko/20100101 Firefox/137.0"
127.0.0.1 - - [09/Apr/2025:10:31:23 +0200] "POST /ayuntamiento_web/wp-json/tec/v2/onboarding/wizard?_locale=user HTTP/1.1" 200 647 "http://localhost/ayuntamiento_web/wp-admin/edit.php?post_type=tribe_events&page=first-time-setup" "Mozilla/5.0 (Windows NT 10.0; Win64; x64; rv:137.0) Gecko/20100101 Firefox/137.0"
127.0.0.1 - - [09/Apr/2025:10:31:32 +0200] "POST /ayuntamiento_web/wp-json/tec/v2/onboarding/wizard?_locale=user HTTP/1.1" 200 647 "http://localhost/ayuntamiento_web/wp-admin/edit.php?post_type=tribe_events&page=first-time-setup" "Mozilla/5.0 (Windows NT 10.0; Win64; x64; rv:137.0) Gecko/20100101 Firefox/137.0"
127.0.0.1 - - [09/Apr/2025:10:31:36 +0200] "POST /ayuntamiento_web/wp-json/tec/v2/onboarding/wizard?_locale=user HTTP/1.1" 200 647 "http://localhost/ayuntamiento_web/wp-admin/edit.php?post_type=tribe_events&page=first-time-setup" "Mozilla/5.0 (Windows NT 10.0; Win64; x64; rv:137.0) Gecko/20100101 Firefox/137.0"
127.0.0.1 - - [09/Apr/2025:10:31:38 +0200] "POST /ayuntamiento_web/wp-json/tec/v2/onboarding/wizard?_locale=user HTTP/1.1" 200 647 "http://localhost/ayuntamiento_web/wp-admin/edit.php?post_type=tribe_events&page=first-time-setup" "Mozilla/5.0 (Windows NT 10.0; Win64; x64; rv:137.0) Gecko/20100101 Firefox/137.0"
127.0.0.1 - - [09/Apr/2025:10:31:57 +0200] "GET /ayuntamiento_web/wp-content/plugins/the-events-calendar/common/src/resources/images/logo/event-tickets.svg HTTP/1.1" 200 4059 "http://localhost/ayuntamiento_web/wp-admin/edit-tags.php?taxonomy=tribe_events_cat&post_type=tribe_events" "Mozilla/5.0 (Windows NT 10.0; Win64; x64; rv:137.0) Gecko/20100101 Firefox/137.0"
127.0.0.1 - - [09/Apr/2025:10:31:56 +0200] "GET /ayuntamiento_web/wp-admin/edit-tags.php?taxonomy=tribe_events_cat&post_type=tribe_events HTTP/1.1" 200 90477 "http://localhost/ayuntamiento_web/wp-admin/edit.php?post_type=tribe_events&page=first-time-setup" "Mozilla/5.0 (Windows NT 10.0; Win64; x64; rv:137.0) Gecko/20100101 Firefox/137.0"
127.0.0.1 - - [09/Apr/2025:10:31:57 +0200] "GET /ayuntamiento_web/wp-includes/js/wp-ajax-response.min.js?ver=6.7.2 HTTP/1.1" 200 2505 "http://localhost/ayuntamiento_web/wp-admin/edit-tags.php?taxonomy=tribe_events_cat&post_type=tribe_events" "Mozilla/5.0 (Windows NT 10.0; Win64; x64; rv:137.0) Gecko/20100101 Firefox/137.0"
127.0.0.1 - - [09/Apr/2025:10:31:57 +0200] "GET /ayuntamiento_web/wp-admin/js/tags.min.js?ver=6.7.2 HTTP/1.1" 200 2012 "http://localhost/ayuntamiento_web/wp-admin/edit-tags.php?taxonomy=tribe_events_cat&post_type=tribe_events" "Mozilla/5.0 (Windows NT 10.0; Win64; x64; rv:137.0) Gecko/20100101 Firefox/137.0"
127.0.0.1 - - [09/Apr/2025:10:31:57 +0200] "GET /ayuntamiento_web/wp-admin/js/inline-edit-tax.min.js?ver=6.7.2 HTTP/1.1" 200 2997 "http://localhost/ayuntamiento_web/wp-admin/edit-tags.php?taxonomy=tribe_events_cat&post_type=tribe_events" "Mozilla/5.0 (Windows NT 10.0; Win64; x64; rv:137.0) Gecko/20100101 Firefox/137.0"
127.0.0.1 - - [09/Apr/2025:10:31:57 +0200] "GET /ayuntamiento_webC:secretsecretsecretXampphtdocsayuntamiento_webwp-contentpluginsthe-events-calendarcommonvendorvendor-prefixedstellarwpinstallersrc/assets/js/installer.js?ver=1.1.1 HTTP/1.1" 403 298 "http://localhost/ayuntamiento_web/wp-admin/edit-tags.php?taxonomy=tribe_events_cat&post_type=tribe_events" "Mozilla/5.0 (Windows NT 10.0; Win64; x64; rv:137.0) Gecko/20100101 Firefox/137.0"
127.0.0.1 - - [09/Apr/2025:10:31:57 +0200] "GET /ayuntamiento_web/wp-content/plugins/the-events-calendar/common/src/resources/js/notice-dismiss.min.js?ver=6.5.5 HTTP/1.1" 200 681 "http://localhost/ayuntamiento_web/wp-admin/edit-tags.php?taxonomy=tribe_events_cat&post_type=tribe_events" "Mozilla/5.0 (Windows NT 10.0; Win64; x64; rv:137.0) Gecko/20100101 Firefox/137.0"
127.0.0.1 - - [09/Apr/2025:10:31:57 +0200] "GET /ayuntamiento_webC:secretsecretsecretXampphtdocsayuntamiento_webwp-contentpluginsthe-events-calendarcommonvendorvendor-prefixedstellarwpinstallersrc/assets/js/installer.js?ver=1.1.1 HTTP/1.1" 403 298 "http://localhost/ayuntamiento_web/wp-admin/edit-tags.php?taxonomy=tribe_events_cat&post_type=tribe_events" "Mozilla/5.0 (Windows NT 10.0; Win64; x64; rv:137.0) Gecko/20100101 Firefox/137.0"
127.0.0.1 - - [09/Apr/2025:10:31:57 +0200] "GET /favicon.ico HTTP/1.1" 200 30894 "http://localhost/ayuntamiento_web/wp-admin/edit-tags.php?taxonomy=tribe_events_cat&post_type=tribe_events" "Mozilla/5.0 (Windows NT 10.0; Win64; x64; rv:137.0) Gecko/20100101 Firefox/137.0"
127.0.0.1 - - [09/Apr/2025:10:32:12 +0200] "POST /ayuntamiento_web/wp-admin/admin-ajax.php HTTP/1.1" 200 287 "http://localhost/ayuntamiento_web/wp-admin/edit-tags.php?taxonomy=tribe_events_cat&post_type=tribe_events" "Mozilla/5.0 (Windows NT 10.0; Win64; x64; rv:137.0) Gecko/20100101 Firefox/137.0"
::1 - - [09/Apr/2025:10:32:12 +0200] "POST /ayuntamiento_web/wp-cron.php?doing_wp_cron=1744187532.9206559658050537109375 HTTP/1.1" 200 - "-" "WordPress/6.7.2; http://localhost/ayuntamiento_web"
127.0.0.1 - - [09/Apr/2025:10:32:20 +0200] "GET /ayuntamiento_web/wp-content/plugins/the-events-calendar/common/src/resources/css/ian-client.min.css?ver=6.5.5 HTTP/1.1" 200 6658 "http://localhost/ayuntamiento_web/wp-admin/edit.php?post_type=tribe_events" "Mozilla/5.0 (Windows NT 10.0; Win64; x64; rv:137.0) Gecko/20100101 Firefox/137.0"
127.0.0.1 - - [09/Apr/2025:10:32:20 +0200] "GET /ayuntamiento_web/wp-content/plugins/the-events-calendar/common/src/resources/js/ian-client.min.js?ver=6.5.5 HTTP/1.1" 200 9269 "http://localhost/ayuntamiento_web/wp-admin/edit.php?post_type=tribe_events" "Mozilla/5.0 (Windows NT 10.0; Win64; x64; rv:137.0) Gecko/20100101 Firefox/137.0"
127.0.0.1 - - [09/Apr/2025:10:32:19 +0200] "GET /ayuntamiento_web/wp-admin/edit.php?post_type=tribe_events HTTP/1.1" 200 90697 "http://localhost/ayuntamiento_web/wp-admin/edit-tags.php?taxonomy=tribe_events_cat&post_type=tribe_events" "Mozilla/5.0 (Windows NT 10.0; Win64; x64; rv:137.0) Gecko/20100101 Firefox/137.0"
127.0.0.1 - - [09/Apr/2025:10:32:20 +0200] "GET /ayuntamiento_web/wp-content/plugins/the-events-calendar/common/src/resources/images/icons/close.svg HTTP/1.1" 200 223 "http://localhost/ayuntamiento_web/wp-admin/edit.php?post_type=tribe_events" "Mozilla/5.0 (Windows NT 10.0; Win64; x64; rv:137.0) Gecko/20100101 Firefox/137.0"
127.0.0.1 - - [09/Apr/2025:10:32:20 +0200] "GET /ayuntamiento_web/wp-content/plugins/the-events-calendar/common/src/resources/images/icons/bell.svg HTTP/1.1" 200 1106 "http://localhost/ayuntamiento_web/wp-admin/edit.php?post_type=tribe_events" "Mozilla/5.0 (Windows NT 10.0; Win64; x64; rv:137.0) Gecko/20100101 Firefox/137.0"
127.0.0.1 - - [09/Apr/2025:10:32:20 +0200] "GET /ayuntamiento_webC:secretsecretsecretXampphtdocsayuntamiento_webwp-contentpluginsthe-events-calendarcommonvendorvendor-prefixedstellarwpinstallersrc/assets/js/installer.js?ver=1.1.1 HTTP/1.1" 403 298 "http://localhost/ayuntamiento_web/wp-admin/edit.php?post_type=tribe_events" "Mozilla/5.0 (Windows NT 10.0; Win64; x64; rv:137.0) Gecko/20100101 Firefox/137.0"
127.0.0.1 - - [09/Apr/2025:10:32:21 +0200] "GET /ayuntamiento_webC:secretsecretsecretXampphtdocsayuntamiento_webwp-contentpluginsthe-events-calendarcommonvendorvendor-prefixedstellarwpinstallersrc/assets/js/installer.js?ver=1.1.1 HTTP/1.1" 403 298 "http://localhost/ayuntamiento_web/wp-admin/edit.php?post_type=tribe_events" "Mozilla/5.0 (Windows NT 10.0; Win64; x64; rv:137.0) Gecko/20100101 Firefox/137.0"
127.0.0.1 - - [09/Apr/2025:10:32:21 +0200] "POST /ayuntamiento_web/wp-admin/admin-ajax.php HTTP/1.1" 200 47 "http://localhost/ayuntamiento_web/wp-admin/edit.php?post_type=tribe_events" "Mozilla/5.0 (Windows NT 10.0; Win64; x64; rv:137.0) Gecko/20100101 Firefox/137.0"
127.0.0.1 - - [09/Apr/2025:10:32:21 +0200] "POST /ayuntamiento_web/wp-admin/admin-ajax.php HTTP/1.1" 200 26 "http://localhost/ayuntamiento_web/wp-admin/edit.php?post_type=tribe_events" "Mozilla/5.0 (Windows NT 10.0; Win64; x64; rv:137.0) Gecko/20100101 Firefox/137.0"
127.0.0.1 - - [09/Apr/2025:10:32:31 +0200] "POST /ayuntamiento_web/wp-admin/admin-ajax.php HTTP/1.1" 200 47 "http://localhost/ayuntamiento_web/wp-admin/edit.php?post_type=tribe_events" "Mozilla/5.0 (Windows NT 10.0; Win64; x64; rv:137.0) Gecko/20100101 Firefox/137.0"
127.0.0.1 - - [09/Apr/2025:10:32:41 +0200] "POST /ayuntamiento_web/wp-admin/admin-ajax.php HTTP/1.1" 200 47 "http://localhost/ayuntamiento_web/wp-admin/edit.php?post_type=tribe_events" "Mozilla/5.0 (Windows NT 10.0; Win64; x64; rv:137.0) Gecko/20100101 Firefox/137.0"
127.0.0.1 - - [09/Apr/2025:10:32:51 +0200] "POST /ayuntamiento_web/wp-admin/admin-ajax.php HTTP/1.1" 200 47 "http://localhost/ayuntamiento_web/wp-admin/edit.php?post_type=tribe_events" "Mozilla/5.0 (Windows NT 10.0; Win64; x64; rv:137.0) Gecko/20100101 Firefox/137.0"
::1 - - [09/Apr/2025:10:33:01 +0200] "POST /ayuntamiento_web/wp-cron.php?doing_wp_cron=1744187581.9337310791015625000000 HTTP/1.1" 200 - "-" "WordPress/6.7.2; http://localhost/ayuntamiento_web"
127.0.0.1 - - [09/Apr/2025:10:33:01 +0200] "POST /ayuntamiento_web/wp-admin/admin-ajax.php HTTP/1.1" 200 47 "http://localhost/ayuntamiento_web/wp-admin/edit.php?post_type=tribe_events" "Mozilla/5.0 (Windows NT 10.0; Win64; x64; rv:137.0) Gecko/20100101 Firefox/137.0"
127.0.0.1 - - [09/Apr/2025:10:33:11 +0200] "POST /ayuntamiento_web/wp-admin/admin-ajax.php HTTP/1.1" 200 47 "http://localhost/ayuntamiento_web/wp-admin/edit.php?post_type=tribe_events" "Mozilla/5.0 (Windows NT 10.0; Win64; x64; rv:137.0) Gecko/20100101 Firefox/137.0"
127.0.0.1 - - [09/Apr/2025:10:33:21 +0200] "POST /ayuntamiento_web/wp-admin/admin-ajax.php HTTP/1.1" 200 47 "http://localhost/ayuntamiento_web/wp-admin/edit.php?post_type=tribe_events" "Mozilla/5.0 (Windows NT 10.0; Win64; x64; rv:137.0) Gecko/20100101 Firefox/137.0"
127.0.0.1 - - [09/Apr/2025:10:33:31 +0200] "POST /ayuntamiento_web/wp-admin/admin-ajax.php HTTP/1.1" 200 47 "http://localhost/ayuntamiento_web/wp-admin/edit.php?post_type=tribe_events" "Mozilla/5.0 (Windows NT 10.0; Win64; x64; rv:137.0) Gecko/20100101 Firefox/137.0"
127.0.0.1 - - [09/Apr/2025:10:33:41 +0200] "POST /ayuntamiento_web/wp-admin/admin-ajax.php HTTP/1.1" 200 47 "http://localhost/ayuntamiento_web/wp-admin/edit.php?post_type=tribe_events" "Mozilla/5.0 (Windows NT 10.0; Win64; x64; rv:137.0) Gecko/20100101 Firefox/137.0"
127.0.0.1 - - [09/Apr/2025:10:33:51 +0200] "POST /ayuntamiento_web/wp-admin/admin-ajax.php HTTP/1.1" 200 47 "http://localhost/ayuntamiento_web/wp-admin/edit.php?post_type=tribe_events" "Mozilla/5.0 (Windows NT 10.0; Win64; x64; rv:137.0) Gecko/20100101 Firefox/137.0"
::1 - - [09/Apr/2025:10:34:02 +0200] "POST /ayuntamiento_web/wp-cron.php?doing_wp_cron=1744187642.0034921169281005859375 HTTP/1.1" 200 - "-" "WordPress/6.7.2; http://localhost/ayuntamiento_web"
127.0.0.1 - - [09/Apr/2025:10:34:01 +0200] "POST /ayuntamiento_web/wp-admin/admin-ajax.php HTTP/1.1" 200 47 "http://localhost/ayuntamiento_web/wp-admin/edit.php?post_type=tribe_events" "Mozilla/5.0 (Windows NT 10.0; Win64; x64; rv:137.0) Gecko/20100101 Firefox/137.0"
127.0.0.1 - - [09/Apr/2025:10:34:11 +0200] "POST /ayuntamiento_web/wp-admin/admin-ajax.php HTTP/1.1" 200 47 "http://localhost/ayuntamiento_web/wp-admin/edit.php?post_type=tribe_events" "Mozilla/5.0 (Windows NT 10.0; Win64; x64; rv:137.0) Gecko/20100101 Firefox/137.0"
::1 - - [09/Apr/2025:10:35:29 +0200] "POST /ayuntamiento_web/wp-cron.php?doing_wp_cron=1744187729.8692829608917236328125 HTTP/1.1" 200 - "-" "WordPress/6.7.2; http://localhost/ayuntamiento_web"
127.0.0.1 - - [09/Apr/2025:10:35:28 +0200] "POST /ayuntamiento_web/wp-admin/admin-ajax.php HTTP/1.1" 200 47 "http://localhost/ayuntamiento_web/wp-admin/edit.php?post_type=tribe_events" "Mozilla/5.0 (Windows NT 10.0; Win64; x64; rv:137.0) Gecko/20100101 Firefox/137.0"
127.0.0.1 - - [09/Apr/2025:10:35:38 +0200] "POST /ayuntamiento_web/wp-admin/admin-ajax.php HTTP/1.1" 200 47 "http://localhost/ayuntamiento_web/wp-admin/edit.php?post_type=tribe_events" "Mozilla/5.0 (Windows NT 10.0; Win64; x64; rv:137.0) Gecko/20100101 Firefox/137.0"
127.0.0.1 - - [09/Apr/2025:10:35:48 +0200] "POST /ayuntamiento_web/wp-admin/admin-ajax.php HTTP/1.1" 200 47 "http://localhost/ayuntamiento_web/wp-admin/edit.php?post_type=tribe_events" "Mozilla/5.0 (Windows NT 10.0; Win64; x64; rv:137.0) Gecko/20100101 Firefox/137.0"
::1 - - [09/Apr/2025:10:35:59 +0200] "POST /ayuntamiento_web/wp-cron.php?doing_wp_cron=1744187759.6110000610351562500000 HTTP/1.1" 200 - "-" "WordPress/6.7.2; http://localhost/ayuntamiento_web"
127.0.0.1 - - [09/Apr/2025:10:35:58 +0200] "POST /ayuntamiento_web/wp-admin/admin-ajax.php HTTP/1.1" 200 47 "http://localhost/ayuntamiento_web/wp-admin/edit.php?post_type=tribe_events" "Mozilla/5.0 (Windows NT 10.0; Win64; x64; rv:137.0) Gecko/20100101 Firefox/137.0"
127.0.0.1 - - [09/Apr/2025:10:36:08 +0200] "POST /ayuntamiento_web/wp-admin/admin-ajax.php HTTP/1.1" 200 47 "http://localhost/ayuntamiento_web/wp-admin/edit.php?post_type=tribe_events" "Mozilla/5.0 (Windows NT 10.0; Win64; x64; rv:137.0) Gecko/20100101 Firefox/137.0"
127.0.0.1 - - [09/Apr/2025:10:36:18 +0200] "POST /ayuntamiento_web/wp-admin/admin-ajax.php HTTP/1.1" 200 47 "http://localhost/ayuntamiento_web/wp-admin/edit.php?post_type=tribe_events" "Mozilla/5.0 (Windows NT 10.0; Win64; x64; rv:137.0) Gecko/20100101 Firefox/137.0"
127.0.0.1 - - [09/Apr/2025:10:36:28 +0200] "POST /ayuntamiento_web/wp-admin/admin-ajax.php HTTP/1.1" 200 47 "http://localhost/ayuntamiento_web/wp-admin/edit.php?post_type=tribe_events" "Mozilla/5.0 (Windows NT 10.0; Win64; x64; rv:137.0) Gecko/20100101 Firefox/137.0"
127.0.0.1 - - [09/Apr/2025:10:36:38 +0200] "POST /ayuntamiento_web/wp-admin/admin-ajax.php HTTP/1.1" 200 47 "http://localhost/ayuntamiento_web/wp-admin/edit.php?post_type=tribe_events" "Mozilla/5.0 (Windows NT 10.0; Win64; x64; rv:137.0) Gecko/20100101 Firefox/137.0"
127.0.0.1 - - [09/Apr/2025:10:36:48 +0200] "POST /ayuntamiento_web/wp-admin/admin-ajax.php HTTP/1.1" 200 47 "http://localhost/ayuntamiento_web/wp-admin/edit.php?post_type=tribe_events" "Mozilla/5.0 (Windows NT 10.0; Win64; x64; rv:137.0) Gecko/20100101 Firefox/137.0"
::1 - - [09/Apr/2025:10:36:59 +0200] "POST /ayuntamiento_web/wp-cron.php?doing_wp_cron=1744187819.6781098842620849609375 HTTP/1.1" 200 - "-" "WordPress/6.7.2; http://localhost/ayuntamiento_web"
127.0.0.1 - - [09/Apr/2025:10:36:58 +0200] "POST /ayuntamiento_web/wp-admin/admin-ajax.php HTTP/1.1" 200 47 "http://localhost/ayuntamiento_web/wp-admin/edit.php?post_type=tribe_events" "Mozilla/5.0 (Windows NT 10.0; Win64; x64; rv:137.0) Gecko/20100101 Firefox/137.0"
127.0.0.1 - - [09/Apr/2025:10:37:08 +0200] "POST /ayuntamiento_web/wp-admin/admin-ajax.php HTTP/1.1" 200 47 "http://localhost/ayuntamiento_web/wp-admin/edit.php?post_type=tribe_events" "Mozilla/5.0 (Windows NT 10.0; Win64; x64; rv:137.0) Gecko/20100101 Firefox/137.0"
